#options: 1000x570 fps=30/1 timebase=1/30 bitdepth=8 cabac=1 ref=1 deblock=1:0:0 analyse=0x1:0 me=dia subme=2 psy=1 psy_rd=1.00:0.00 mixed_ref=0 me_range=16 chroma_me=1 trellis=0 8x8dct=0 cqm=0 deadzone=21,11 fast_pskip=1 chroma_qp_offset=0 threads=18 lookahead_threads=4 sliced_threads=0 nr=0 decimate=1 interlaced=0 bluray_compat=0 constrained_intra=0 bframes=3 b_pyramid=2 b_adapt=1 b_bias=0 direct=3 weightb=1 open_gop=0 weightp=2 keyint=250 keyint_min=25 scenecut=40 intra_refresh=0 rc_lookahead=50 rc=abr mbtree=1 bitrate=290 ratetol=1.0 qcomp=0.60 qpmin=0 qpmax=69 qpstep=4 ip_ratio=1.40 aq=1:1.00
in:0 out:0 type:I dur:2 cpbdur:2 q:44.69 aq:30.99 tex:70509 mv:18884 misc:6063 imb:2268 pmb:0 smb:0 d:- ref:;
in:4 out:1 type:P dur:2 cpbdur:2 q:45.84 aq:38.00 tex:0 mv:0 misc:176 imb:0 pmb:0 smb:2268 d:- ref:0 ;
in:2 out:2 type:B dur:2 cpbdur:2 q:45.84 aq:46.00 tex:0 mv:0 misc:176 imb:0 pmb:0 smb:2268 d:- ref:0 ;
in:1 out:3 type:b dur:2 cpbdur:2 q:45.84 aq:49.00 tex:0 mv:0 misc:176 imb:0 pmb:0 smb:2268 d:- ref:0 ;
in:3 out:4 type:b dur:2 cpbdur:2 q:45.84 aq:49.00 tex:0 mv:0 misc:176 imb:0 pmb:0 smb:2268 d:- ref:0 ;
in:8 out:5 type:P dur:2 cpbdur:2 q:45.39 aq:36.40 tex:157 mv:304 misc:291 imb:43 pmb:18 smb:2207 d:- ref:0 ;
in:6 out:6 type:B dur:2 cpbdur:2 q:45.61 aq:46.00 tex:1 mv:16 misc:207 imb:0 pmb:3 smb:2265 d:s ref:0 ;
in:5 out:7 type:b dur:2 cpbdur:2 q:45.73 aq:49.00 tex:1 mv:5 misc:186 imb:0 pmb:1 smb:2267 d:s ref:0 ;
in:7 out:8 type:b dur:2 cpbdur:2 q:45.50 aq:48.00 tex:0 mv:0 misc:176 imb:0 pmb:0 smb:2268 d:- ref:0 ;
in:12 out:9 type:P dur:2 cpbdur:2 q:44.89 aq:36.33 tex:49 mv:58 misc:229 imb:6 pmb:3 smb:2259 d:- ref:0 ;
in:10 out:10 type:B dur:2 cpbdur:2 q:45.14 aq:46.00 tex:0 mv:0 misc:192 imb:0 pmb:0 smb:2268 d:- ref:0 ;
in:9 out:11 type:b dur:2 cpbdur:2 q:45.26 aq:48.00 tex:0 mv:0 misc:176 imb:0 pmb:0 smb:2268 d:- ref:0 ;
in:11 out:12 type:b dur:2 cpbdur:2 q:45.02 aq:48.00 tex:0 mv:0 misc:176 imb:0 pmb:0 smb:2268 d:- ref:0 ;
in:16 out:13 type:P dur:2 cpbdur:2 q:44.35 aq:30.67 tex:106 mv:49 misc:245 imb:2 pmb:5 smb:2261 d:- ref:0 ;
in:14 out:14 type:B dur:2 cpbdur:2 q:44.62 aq:46.00 tex:0 mv:3 misc:197 imb:0 pmb:1 smb:2267 d:s ref:0 ;
in:13 out:15 type:b dur:2 cpbdur:2 q:44.75 aq:48.00 tex:0 mv:3 misc:181 imb:0 pmb:1 smb:2267 d:s ref:0 ;
in:15 out:16 type:b dur:2 cpbdur:2 q:44.48 aq:47.00 tex:0 mv:0 misc:176 imb:0 pmb:0 smb:2268 d:- ref:0 ;
in:20 out:17 type:P dur:2 cpbdur:2 q:43.77 aq:32.56 tex:60 mv:27 misc:225 imb:1 pmb:3 smb:2264 d:- ref:0 ;
in:18 out:18 type:B dur:2 cpbdur:2 q:44.06 aq:45.00 tex:0 mv:0 misc:192 imb:0 pmb:0 smb:2268 d:- ref:0 ;
in:17 out:19 type:b dur:2 cpbdur:2 q:44.20 aq:47.00 tex:0 mv:0 misc:176 imb:0 pmb:0 smb:2268 d:- ref:0 ;
in:19 out:20 type:b dur:2 cpbdur:2 q:43.92 aq:47.00 tex:0 mv:0 misc:176 imb:0 pmb:0 smb:2268 d:- ref:0 ;
in:24 out:21 type:P dur:2 cpbdur:2 q:47.77 aq:40.00 tex:0 mv:0 misc:184 imb:0 pmb:0 smb:2268 d:- ref:0 ;
in:22 out:22 type:B dur:2 cpbdur:2 q:45.77 aq:47.00 tex:0 mv:0 misc:192 imb:0 pmb:0 smb:2268 d:- ref:0 ;
in:21 out:23 type:b dur:2 cpbdur:2 q:44.77 aq:48.00 tex:0 mv:0 misc:176 imb:0 pmb:0 smb:2268 d:s ref:0 ;
in:23 out:24 type:b dur:2 cpbdur:2 q:46.77 aq:50.00 tex:0 mv:0 misc:176 imb:0 pmb:0 smb:2268 d:- ref:0 ;
in:28 out:25 type:P dur:2 cpbdur:2 q:44.25 aq:33.45 tex:130 mv:77 misc:233 imb:8 pmb:2 smb:2258 d:s ref:0 ;
in:26 out:26 type:B dur:2 cpbdur:2 q:46.01 aq:47.00 tex:0 mv:0 misc:192 imb:0 pmb:0 smb:2268 d:s ref:0 ;
in:25 out:27 type:b dur:2 cpbdur:2 q:46.89 aq:50.00 tex:0 mv:0 misc:176 imb:0 pmb:0 smb:2268 d:s ref:0 ;
in:27 out:28 type:b dur:2 cpbdur:2 q:45.13 aq:48.00 tex:0 mv:0 misc:176 imb:0 pmb:0 smb:2268 d:- ref:0 ;
in:32 out:29 type:P dur:2 cpbdur:2 q:40.36 aq:26.82 tex:4336 mv:863 misc:705 imb:112 pmb:84 smb:2072 d:s ref:0 ;
in:30 out:30 type:B dur:2 cpbdur:2 q:42.31 aq:43.00 tex:0 mv:0 misc:192 imb:0 pmb:0 smb:2268 d:s ref:0 ;
in:29 out:31 type:b dur:2 cpbdur:2 q:43.28 aq:46.00 tex:0 mv:0 misc:176 imb:0 pmb:0 smb:2268 d:s ref:0 ;
in:31 out:32 type:b dur:2 cpbdur:2 q:41.33 aq:44.00 tex:0 mv:0 misc:176 imb:0 pmb:0 smb:2268 d:- ref:0 ;
in:36 out:33 type:P dur:2 cpbdur:2 q:37.49 aq:28.90 tex:8225 mv:871 misc:1016 imb:57 pmb:178 smb:2033 d:s ref:0 ;
in:34 out:34 type:B dur:2 cpbdur:2 q:38.93 aq:40.00 tex:0 mv:0 misc:192 imb:0 pmb:0 smb:2268 d:s ref:0 ;
in:33 out:35 type:b dur:2 cpbdur:2 q:39.64 aq:43.00 tex:0 mv:0 misc:176 imb:0 pmb:0 smb:2268 d:s ref:0 ;
in:35 out:36 type:b dur:2 cpbdur:2 q:38.21 aq:41.00 tex:0 mv:0 misc:176 imb:0 pmb:0 smb:2268 d:- ref:0 ;
in:37 out:37 type:P dur:2 cpbdur:2 q:35.19 aq:28.15 tex:33743 mv:4959 misc:1298 imb:525 pmb:511 smb:1232 d:s ref:0 ;
in:38 out:38 type:P dur:2 cpbdur:2 q:34.88 aq:26.33 tex:20204 mv:2903 misc:1461 imb:295 pmb:380 smb:1593 d:s ref:0 ;
in:39 out:39 type:P dur:2 cpbdur:2 q:34.64 aq:27.92 tex:72215 mv:4483 misc:1230 imb:404 pmb:356 smb:1508 d:s ref:0 ;
in:42 out:40 type:P dur:2 cpbdur:2 q:34.44 aq:27.48 tex:5066 mv:2511 misc:1215 imb:150 pmb:263 smb:1855 d:s ref:0 ;
in:40 out:41 type:B dur:2 cpbdur:2 q:34.58 aq:17.29 tex:65 mv:675 misc:644 imb:39 pmb:115 smb:2114 d:s ref:0 ;
in:41 out:42 type:b dur:2 cpbdur:2 q:34.51 aq:31.32 tex:489 mv:1414 misc:817 imb:25 pmb:199 smb:2044 d:- ref:0 ;
in:43 out:43 type:P dur:2 cpbdur:2 q:33.32 aq:27.32 tex:13186 mv:2705 misc:1453 imb:129 pmb:377 smb:1762 d:s ref:0 ;
in:44 out:44 type:P dur:2 cpbdur:2 q:33.10 aq:26.80 tex:11838 mv:2953 misc:1337 imb:123 pmb:364 smb:1781 d:s ref:0 ;
in:46 out:45 type:P dur:2 cpbdur:2 q:32.92 aq:25.42 tex:99611 mv:6562 misc:963 imb:844 pmb:268 smb:1156 d:s ref:0 ;
in:45 out:46 type:b dur:2 cpbdur:2 q:33.01 aq:25.80 tex:129 mv:813 misc:754 imb:61 pmb:168 smb:2039 d:s ref:0 ;
in:48 out:47 type:P dur:2 cpbdur:2 q:33.02 aq:24.69 tex:27355 mv:4099 misc:1226 imb:436 pmb:330 smb:1502 d:s ref:0 ;
in:47 out:48 type:b dur:2 cpbdur:2 q:32.97 aq:26.30 tex:502 mv:2531 misc:911 imb:96 pmb:193 smb:1979 d:s ref:0 ;
in:52 out:49 type:P dur:2 cpbdur:2 q:32.68 aq:27.15 tex:94569 mv:6650 misc:885 imb:1061 pmb:144 smb:1063 d:s ref:0 ;
in:50 out:50 type:B dur:2 cpbdur:2 q:32.85 aq:25.20 tex:2669 mv:3121 misc:1234 imb:88 pmb:340 smb:1840 d:s ref:0 ;
in:49 out:51 type:b dur:2 cpbdur:2 q:32.93 aq:27.97 tex:116 mv:515 misc:713 imb:6 pmb:182 smb:2080 d:s ref:0 ;
in:51 out:52 type:b dur:2 cpbdur:2 q:32.77 aq:27.15 tex:1950 mv:2812 misc:1142 imb:107 pmb:322 smb:1839 d:- ref:0 ;
in:53 out:53 type:P dur:2 cpbdur:2 q:32.48 aq:25.62 tex:66033 mv:4695 misc:1136 imb:656 pmb:217 smb:1395 d:s ref:0 ;
in:55 out:54 type:P dur:2 cpbdur:2 q:32.82 aq:25.89 tex:87467 mv:6277 misc:944 imb:933 pmb:120 smb:1215 d:s ref:0 ;
in:54 out:55 type:b dur:2 cpbdur:2 q:32.65 aq:23.15 tex:360 mv:670 misc:642 imb:40 pmb:133 smb:2095 d:s ref:0 ;
in:56 out:56 type:P dur:2 cpbdur:2 q:34.78 aq:25.91 tex:8368 mv:2990 misc:1074 imb:419 pmb:164 smb:1685 d:s ref:0 ;
in:57 out:57 type:P dur:2 cpbdur:2 q:36.87 aq:30.62 tex:51644 mv:5330 misc:946 imb:857 pmb:166 smb:1245 d:s ref:0 ;
in:58 out:58 type:P dur:2 cpbdur:2 q:37.29 aq:28.94 tex:59283 mv:6057 misc:740 imb:1255 pmb:140 smb:873 d:s ref:0 ;
in:59 out:59 type:P dur:2 cpbdur:2 q:37.30 aq:28.92 tex:73215 mv:5746 misc:831 imb:1195 pmb:120 smb:953 d:s ref:0 ;
in:63 out:60 type:P dur:2 cpbdur:2 q:37.47 aq:27.28 tex:108387 mv:5723 misc:914 imb:1050 pmb:119 smb:1099 d:s ref:0 ;
in:61 out:61 type:B dur:2 cpbdur:2 q:37.39 aq:31.04 tex:9290 mv:3287 misc:1327 imb:103 pmb:455 smb:1710 d:s ref:0 ;
in:60 out:62 type:b dur:2 cpbdur:2 q:37.35 aq:25.73 tex:229 mv:403 misc:512 imb:11 pmb:136 smb:2121 d:s ref:0 ;
in:62 out:63 type:b dur:2 cpbdur:2 q:37.43 aq:25.84 tex:1150 mv:2111 misc:1083 imb:66 pmb:319 smb:1883 d:- ref:0 ;
in:67 out:64 type:P dur:2 cpbdur:2 q:39.82 aq:20.41 tex:31 mv:19 misc:206 imb:2 pmb:0 smb:2266 d:s ref:0 ;
in:65 out:65 type:B dur:2 cpbdur:2 q:38.65 aq:40.00 tex:0 mv:0 misc:192 imb:0 pmb:0 smb:2268 d:s ref:0 ;
in:64 out:66 type:b dur:2 cpbdur:2 q:38.06 aq:41.00 tex:0 mv:0 misc:176 imb:0 pmb:0 smb:2268 d:s ref:0 ;
in:66 out:67 type:b dur:2 cpbdur:2 q:39.24 aq:42.00 tex:0 mv:0 misc:176 imb:0 pmb:0 smb:2268 d:- ref:0 ;
in:71 out:68 type:P dur:2 cpbdur:2 q:41.00 aq:30.06 tex:751 mv:811 misc:854 imb:34 pmb:168 smb:2066 d:s ref:0 ;
in:69 out:69 type:B dur:2 cpbdur:2 q:40.41 aq:41.00 tex:3 mv:96 misc:325 imb:0 pmb:23 smb:2245 d:t ref:0 ;
in:68 out:70 type:b dur:2 cpbdur:2 q:40.12 aq:43.00 tex:1 mv:53 misc:234 imb:0 pmb:10 smb:2258 d:s ref:0 ;
in:70 out:71 type:b dur:2 cpbdur:2 q:40.70 aq:44.00 tex:0 mv:0 misc:176 imb:0 pmb:0 smb:2268 d:- ref:0 ;
in:75 out:72 type:P dur:2 cpbdur:2 q:42.20 aq:28.52 tex:1373 mv:1308 misc:703 imb:323 pmb:66 smb:1879 d:s ref:0 ;
in:73 out:73 type:B dur:2 cpbdur:2 q:41.60 aq:30.82 tex:86 mv:976 misc:810 imb:26 pmb:201 smb:2041 d:s ref:0 ;
in:72 out:74 type:b dur:2 cpbdur:2 q:41.30 aq:44.00 tex:0 mv:0 misc:176 imb:0 pmb:0 smb:2268 d:s ref:0 ;
in:74 out:75 type:b dur:2 cpbdur:2 q:41.90 aq:33.17 tex:68 mv:445 misc:823 imb:11 pmb:209 smb:2048 d:- ref:0 ;
in:77 out:76 type:P dur:2 cpbdur:2 q:43.15 aq:35.54 tex:24520 mv:4320 misc:904 imb:1070 pmb:81 smb:1117 d:s ref:0 ;
in:76 out:77 type:b dur:2 cpbdur:2 q:42.67 aq:32.45 tex:104 mv:746 misc:974 imb:19 pmb:244 smb:2005 d:s ref:0 ;
in:79 out:78 type:P dur:2 cpbdur:2 q:45.32 aq:36.57 tex:21156 mv:4604 misc:1016 imb:1174 pmb:47 smb:1047 d:s ref:0 ;
in:78 out:79 type:b dur:2 cpbdur:2 q:44.24 aq:43.04 tex:4320 mv:3244 misc:1412 imb:156 pmb:380 smb:1732 d:s ref:0 ;
in:81 out:80 type:P dur:2 cpbdur:2 q:45.20 aq:33.77 tex:37487 mv:4888 misc:889 imb:1011 pmb:100 smb:1157 d:s ref:0 ;
in:80 out:81 type:b dur:2 cpbdur:2 q:45.26 aq:40.65 tex:1660 mv:2490 misc:1314 imb:110 pmb:324 smb:1834 d:s ref:0 ;
in:83 out:82 type:P dur:2 cpbdur:2 q:44.90 aq:35.01 tex:9682 mv:2733 misc:1177 imb:253 pmb:205 smb:1810 d:s ref:0 ;
in:82 out:83 type:b dur:2 cpbdur:2 q:45.05 aq:35.33 tex:159 mv:916 misc:829 imb:34 pmb:205 smb:2029 d:s ref:0 ;
in:87 out:84 type:P dur:2 cpbdur:2 q:44.57 aq:35.46 tex:14983 mv:2745 misc:1144 imb:240 pmb:269 smb:1759 d:s ref:0 ;
in:85 out:85 type:B dur:2 cpbdur:2 q:44.74 aq:33.04 tex:83 mv:693 misc:1032 imb:11 pmb:257 smb:2000 d:s ref:0 ;
in:84 out:86 type:b dur:2 cpbdur:2 q:44.82 aq:36.71 tex:498 mv:2532 misc:1122 imb:60 pmb:344 smb:1864 d:s ref:0 ;
in:86 out:87 type:b dur:2 cpbdur:2 q:44.66 aq:48.00 tex:0 mv:0 misc:176 imb:0 pmb:0 smb:2268 d:- ref:0 ;
in:91 out:88 type:P dur:2 cpbdur:2 q:43.87 aq:33.69 tex:348 mv:140 misc:328 imb:6 pmb:18 smb:2244 d:s ref:0 ;
in:89 out:89 type:B dur:2 cpbdur:2 q:44.22 aq:45.00 tex:0 mv:0 misc:192 imb:0 pmb:0 smb:2268 d:s ref:0 ;
in:88 out:90 type:b dur:2 cpbdur:2 q:44.40 aq:47.00 tex:0 mv:0 misc:176 imb:0 pmb:0 smb:2268 d:s ref:0 ;
in:90 out:91 type:b dur:2 cpbdur:2 q:44.05 aq:47.00 tex:0 mv:0 misc:176 imb:0 pmb:0 smb:2268 d:- ref:0 ;
in:95 out:92 type:P dur:2 cpbdur:2 q:43.09 aq:28.10 tex:95 mv:88 misc:265 imb:8 pmb:3 smb:2257 d:s ref:0 ;
in:93 out:93 type:B dur:2 cpbdur:2 q:43.48 aq:44.00 tex:0 mv:0 misc:192 imb:0 pmb:0 smb:2268 d:s ref:0 ;
in:92 out:94 type:b dur:2 cpbdur:2 q:43.68 aq:47.00 tex:0 mv:0 misc:176 imb:0 pmb:0 smb:2268 d:s ref:0 ;
in:94 out:95 type:b dur:2 cpbdur:2 q:43.29 aq:46.00 tex:0 mv:0 misc:176 imb:0 pmb:0 smb:2268 d:- ref:0 ;
in:99 out:96 type:P dur:2 cpbdur:2 q:43.38 aq:34.16 tex:541 mv:1531 misc:928 imb:43 pmb:196 smb:2029 d:s ref:0 ;
in:97 out:97 type:B dur:2 cpbdur:2 q:43.24 aq:31.72 tex:61 mv:512 misc:851 imb:6 pmb:191 smb:2071 d:s ref:0 ;
in:96 out:98 type:b dur:2 cpbdur:2 q:43.17 aq:46.00 tex:0 mv:0 misc:176 imb:0 pmb:0 smb:2268 d:s ref:0 ;
in:98 out:99 type:b dur:2 cpbdur:2 q:43.31 aq:35.00 tex:82 mv:526 misc:600 imb:9 pmb:107 smb:2152 d:- ref:0 ;
in:101 out:100 type:P dur:2 cpbdur:2 q:44.05 aq:32.57 tex:1316 mv:1890 misc:1058 imb:157 pmb:128 smb:1983 d:s ref:0 ;
in:100 out:101 type:b dur:2 cpbdur:2 q:43.71 aq:34.81 tex:123 mv:504 misc:877 imb:13 pmb:226 smb:2029 d:s ref:0 ;
in:103 out:102 type:P dur:2 cpbdur:2 q:44.08 aq:36.62 tex:13865 mv:3330 misc:965 imb:533 pmb:95 smb:1640 d:s ref:0 ;
in:102 out:103 type:b dur:2 cpbdur:2 q:44.06 aq:38.35 tex:714 mv:1151 misc:1119 imb:31 pmb:288 smb:1949 d:s ref:0 ;
in:106 out:104 type:P dur:2 cpbdur:2 q:43.99 aq:35.51 tex:30553 mv:4679 misc:880 imb:1176 pmb:67 smb:1025 d:s ref:0 ;
in:104 out:105 type:B dur:2 cpbdur:2 q:44.05 aq:38.87 tex:9574 mv:4732 misc:1406 imb:282 pmb:393 smb:1593 d:s ref:0 ;
in:105 out:106 type:b dur:2 cpbdur:2 q:44.02 aq:41.98 tex:4969 mv:3443 misc:1212 imb:186 pmb:375 smb:1707 d:- ref:0 ;
in:107 out:107 type:P dur:2 cpbdur:2 q:43.68 aq:31.65 tex:32842 mv:4164 misc:1106 imb:498 pmb:236 smb:1534 d:s ref:0 ;
in:111 out:108 type:P dur:2 cpbdur:2 q:43.64 aq:35.46 tex:10453 mv:3327 misc:1140 imb:309 pmb:339 smb:1620 d:s ref:0 ;
in:109 out:109 type:B dur:2 cpbdur:2 q:43.66 aq:41.99 tex:495 mv:1406 misc:811 imb:8 pmb:238 smb:2022 d:s ref:0 ;
in:108 out:110 type:b dur:2 cpbdur:2 q:43.67 aq:38.70 tex:90 mv:620 misc:754 imb:14 pmb:216 smb:2038 d:s ref:0 ;
in:110 out:111 type:b dur:2 cpbdur:2 q:43.65 aq:47.00 tex:32 mv:82 misc:342 imb:0 pmb:32 smb:2236 d:- ref:0 ;
in:115 out:112 type:P dur:2 cpbdur:2 q:43.09 aq:33.17 tex:429 mv:73 misc:266 imb:5 pmb:7 smb:2256 d:s ref:0 ;
in:113 out:113 type:B dur:2 cpbdur:2 q:43.37 aq:44.00 tex:0 mv:0 misc:192 imb:0 pmb:0 smb:2268 d:s ref:0 ;
in:112 out:114 type:b dur:2 cpbdur:2 q:43.50 aq:46.00 tex:0 mv:0 misc:176 imb:0 pmb:0 smb:2268 d:s ref:0 ;
in:114 out:115 type:b dur:2 cpbdur:2 q:43.23 aq:46.00 tex:0 mv:0 misc:176 imb:0 pmb:0 smb:2268 d:- ref:0 ;
in:119 out:116 type:P dur:2 cpbdur:2 q:42.47 aq:25.16 tex:189 mv:99 misc:272 imb:9 pmb:4 smb:2255 d:s ref:0 ;
in:117 out:117 type:B dur:2 cpbdur:2 q:42.78 aq:44.00 tex:0 mv:0 misc:192 imb:0 pmb:0 smb:2268 d:s ref:0 ;
in:116 out:118 type:b dur:2 cpbdur:2 q:42.94 aq:46.00 tex:0 mv:0 misc:176 imb:0 pmb:0 smb:2268 d:s ref:0 ;
in:118 out:119 type:b dur:2 cpbdur:2 q:42.63 aq:46.00 tex:0 mv:0 misc:176 imb:0 pmb:0 smb:2268 d:- ref:0 ;
in:122 out:120 type:P dur:2 cpbdur:2 q:42.13 aq:31.62 tex:5685 mv:1972 misc:951 imb:274 pmb:81 smb:1913 d:s ref:0 ;
in:120 out:121 type:B dur:2 cpbdur:2 q:42.36 aq:32.47 tex:129 mv:732 misc:843 imb:30 pmb:235 smb:2003 d:s ref:0 ;
in:121 out:122 type:b dur:2 cpbdur:2 q:42.25 aq:37.04 tex:160 mv:623 misc:601 imb:27 pmb:165 smb:2076 d:- ref:0 ;
in:123 out:123 type:P dur:2 cpbdur:2 q:42.58 aq:32.27 tex:13005 mv:3340 misc:951 imb:561 pmb:118 smb:1589 d:s ref:0 ;
in:124 out:124 type:P dur:2 cpbdur:2 q:42.70 aq:33.33 tex:13773 mv:4192 misc:963 imb:774 pmb:125 smb:1369 d:s ref:0 ;
in:125 out:125 type:P dur:2 cpbdur:2 q:43.19 aq:34.11 tex:26000 mv:4801 misc:815 imb:1024 pmb:71 smb:1173 d:s ref:0 ;
in:127 out:126 type:P dur:2 cpbdur:2 q:43.38 aq:33.23 tex:34447 mv:5276 misc:909 imb:1103 pmb:89 smb:1076 d:s ref:0 ;
in:126 out:127 type:b dur:2 cpbdur:2 q:43.28 aq:34.73 tex:174 mv:607 misc:771 imb:29 pmb:195 smb:2044 d:s ref:0 ;
in:128 out:128 type:P dur:2 cpbdur:2 q:43.31 aq:33.22 tex:30021 mv:4554 misc:1073 imb:514 pmb:228 smb:1526 d:s ref:0 ;
in:132 out:129 type:P dur:2 cpbdur:2 q:43.30 aq:34.34 tex:6245 mv:2795 misc:1096 imb:429 pmb:200 smb:1639 d:s ref:0 ;
in:130 out:130 type:B dur:2 cpbdur:2 q:43.31 aq:44.00 tex:27 mv:152 misc:573 imb:0 pmb:172 smb:2096 d:s ref:0 ;
in:129 out:131 type:b dur:2 cpbdur:2 q:43.31 aq:33.99 tex:77 mv:221 misc:574 imb:3 pmb:165 smb:2100 d:s ref:0 ;
in:131 out:132 type:b dur:2 cpbdur:2 q:43.31 aq:46.00 tex:0 mv:0 misc:176 imb:0 pmb:0 smb:2268 d:- ref:0 ;
in:136 out:133 type:P dur:2 cpbdur:2 q:42.92 aq:29.69 tex:186 mv:79 misc:255 imb:8 pmb:4 smb:2256 d:s ref:0 ;
in:134 out:134 type:B dur:2 cpbdur:2 q:43.11 aq:44.00 tex:0 mv:0 misc:192 imb:0 pmb:0 smb:2268 d:s ref:0 ;
in:133 out:135 type:b dur:2 cpbdur:2 q:43.21 aq:46.00 tex:0 mv:0 misc:176 imb:0 pmb:0 smb:2268 d:s ref:0 ;
in:135 out:136 type:b dur:2 cpbdur:2 q:43.01 aq:46.00 tex:0 mv:0 misc:176 imb:0 pmb:0 smb:2268 d:- ref:0 ;
in:140 out:137 type:P dur:2 cpbdur:2 q:42.47 aq:35.65 tex:1119 mv:1168 misc:897 imb:150 pmb:121 smb:1997 d:s ref:0 ;
in:138 out:138 type:B dur:2 cpbdur:2 q:42.70 aq:44.00 tex:0 mv:0 misc:192 imb:0 pmb:0 smb:2268 d:s ref:0 ;
in:137 out:139 type:b dur:2 cpbdur:2 q:42.81 aq:46.00 tex:0 mv:0 misc:176 imb:0 pmb:0 smb:2268 d:s ref:0 ;
in:139 out:140 type:b dur:2 cpbdur:2 q:42.59 aq:45.00 tex:0 mv:0 misc:176 imb:0 pmb:0 smb:2268 d:- ref:0 ;
in:144 out:141 type:P dur:2 cpbdur:2 q:42.24 aq:34.07 tex:31379 mv:5531 misc:770 imb:1170 pmb:84 smb:1014 d:s ref:0 ;
in:142 out:142 type:B dur:2 cpbdur:2 q:42.36 aq:30.65 tex:379 mv:915 misc:746 imb:37 pmb:183 smb:2048 d:s ref:0 ;
in:141 out:143 type:b dur:2 cpbdur:2 q:42.42 aq:45.00 tex:0 mv:0 misc:176 imb:0 pmb:0 smb:2268 d:s ref:0 ;
in:143 out:144 type:b dur:2 cpbdur:2 q:42.30 aq:36.64 tex:1988 mv:2011 misc:1001 imb:75 pmb:308 smb:1885 d:- ref:0 ;
in:145 out:145 type:P dur:2 cpbdur:2 q:42.81 aq:35.52 tex:29482 mv:5153 misc:949 imb:899 pmb:90 smb:1279 d:s ref:0 ;
in:147 out:146 type:P dur:2 cpbdur:2 q:43.21 aq:32.34 tex:36078 mv:5806 misc:724 imb:1301 pmb:71 smb:896 d:s ref:0 ;
in:146 out:147 type:b dur:2 cpbdur:2 q:43.01 aq:34.61 tex:368 mv:370 misc:518 imb:13 pmb:125 smb:2130 d:s ref:0 ;
in:148 out:148 type:P dur:2 cpbdur:2 q:43.20 aq:29.60 tex:14114 mv:2020 misc:842 imb:230 pmb:151 smb:1887 d:s ref:0 ;
in:152 out:149 type:P dur:2 cpbdur:2 q:43.19 aq:32.57 tex:3661 mv:1882 misc:929 imb:403 pmb:150 smb:1715 d:s ref:0 ;
in:150 out:150 type:B dur:2 cpbdur:2 q:43.19 aq:30.94 tex:42 mv:119 misc:415 imb:1 pmb:109 smb:2158 d:s ref:0 ;
in:149 out:151 type:b dur:2 cpbdur:2 q:43.20 aq:32.18 tex:63 mv:289 misc:416 imb:11 pmb:110 smb:2147 d:s ref:0 ;
in:151 out:152 type:b dur:2 cpbdur:2 q:43.19 aq:46.00 tex:0 mv:0 misc:176 imb:0 pmb:0 smb:2268 d:- ref:0 ;
in:156 out:153 type:P dur:2 cpbdur:2 q:42.75 aq:29.51 tex:326 mv:86 misc:284 imb:4 pmb:11 smb:2253 d:s ref:0 ;
in:154 out:154 type:B dur:2 cpbdur:2 q:42.97 aq:44.00 tex:0 mv:0 misc:192 imb:0 pmb:0 smb:2268 d:s ref:0 ;
in:153 out:155 type:b dur:2 cpbdur:2 q:43.08 aq:46.00 tex:0 mv:0 misc:176 imb:0 pmb:0 smb:2268 d:s ref:0 ;
in:155 out:156 type:b dur:2 cpbdur:2 q:42.86 aq:46.00 tex:0 mv:0 misc:176 imb:0 pmb:0 smb:2268 d:- ref:0 ;
in:160 out:157 type:P dur:2 cpbdur:2 q:42.28 aq:31.64 tex:1224 mv:1147 misc:797 imb:242 pmb:78 smb:1948 d:s ref:0 ;
in:158 out:158 type:B dur:2 cpbdur:2 q:42.51 aq:43.82 tex:35 mv:34 misc:275 imb:0 pmb:14 smb:2254 d:s ref:0 ;
in:157 out:159 type:b dur:2 cpbdur:2 q:42.63 aq:46.00 tex:0 mv:0 misc:176 imb:0 pmb:0 smb:2268 d:s ref:0 ;
in:159 out:160 type:b dur:2 cpbdur:2 q:42.40 aq:45.00 tex:0 mv:0 misc:176 imb:0 pmb:0 smb:2268 d:- ref:0 ;
in:164 out:161 type:P dur:2 cpbdur:2 q:42.24 aq:30.96 tex:2394 mv:1539 misc:859 imb:250 pmb:83 smb:1935 d:s ref:0 ;
in:162 out:162 type:B dur:2 cpbdur:2 q:42.26 aq:28.90 tex:71 mv:350 misc:403 imb:15 pmb:91 smb:2162 d:s ref:0 ;
in:161 out:163 type:b dur:2 cpbdur:2 q:42.27 aq:45.00 tex:0 mv:0 misc:176 imb:0 pmb:0 smb:2268 d:s ref:0 ;
in:163 out:164 type:b dur:2 cpbdur:2 q:42.25 aq:30.29 tex:38 mv:129 misc:353 imb:1 pmb:97 smb:2170 d:- ref:0 ;
in:165 out:165 type:P dur:2 cpbdur:2 q:42.64 aq:34.74 tex:16203 mv:3261 misc:952 imb:674 pmb:90 smb:1504 d:s ref:0 ;
in:166 out:166 type:P dur:2 cpbdur:2 q:42.76 aq:34.04 tex:38137 mv:6370 misc:613 imb:1430 pmb:64 smb:774 d:s ref:0 ;
in:167 out:167 type:I dur:2 cpbdur:2 q:39.82 aq:28.16 tex:82186 mv:20239 misc:455 imb:2268 pmb:0 smb:0 d:s ref:;
in:168 out:168 type:P dur:2 cpbdur:2 q:43.18 aq:32.58 tex:64299 mv:6508 misc:937 imb:953 pmb:251 smb:1064 d:s ref:0 ;
in:170 out:169 type:P dur:2 cpbdur:2 q:43.27 aq:33.88 tex:8873 mv:3099 misc:1260 imb:352 pmb:274 smb:1642 d:s ref:0 ;
in:169 out:170 type:b dur:2 cpbdur:2 q:43.23 aq:46.00 tex:8 mv:68 misc:308 imb:0 pmb:80 smb:2188 d:s ref:0 ;
in:174 out:171 type:P dur:2 cpbdur:2 q:43.11 aq:34.08 tex:3174 mv:1424 misc:954 imb:203 pmb:155 smb:1910 d:s ref:0 ;
in:172 out:172 type:B dur:2 cpbdur:2 q:43.19 aq:44.00 tex:21 mv:145 misc:346 imb:4 pmb:85 smb:2179 d:s ref:0 ;
in:171 out:173 type:b dur:2 cpbdur:2 q:43.23 aq:46.00 tex:11 mv:145 misc:332 imb:0 pmb:88 smb:2180 d:s ref:0 ;
in:173 out:174 type:b dur:2 cpbdur:2 q:43.15 aq:46.00 tex:0 mv:0 misc:176 imb:0 pmb:0 smb:2268 d:- ref:0 ;
in:178 out:175 type:P dur:2 cpbdur:2 q:42.77 aq:37.90 tex:213 mv:48 misc:251 imb:1 pmb:9 smb:2258 d:s ref:0 ;
in:176 out:176 type:B dur:2 cpbdur:2 q:42.94 aq:44.00 tex:0 mv:0 misc:192 imb:0 pmb:0 smb:2268 d:s ref:0 ;
in:175 out:177 type:b dur:2 cpbdur:2 q:43.02 aq:46.00 tex:0 mv:0 misc:176 imb:0 pmb:0 smb:2268 d:s ref:0 ;
in:177 out:178 type:b dur:2 cpbdur:2 q:42.85 aq:46.00 tex:0 mv:0 misc:176 imb:0 pmb:0 smb:2268 d:- ref:0 ;
in:182 out:179 type:P dur:2 cpbdur:2 q:42.32 aq:28.21 tex:367 mv:52 misc:261 imb:3 pmb:9 smb:2256 d:s ref:0 ;
in:180 out:180 type:B dur:2 cpbdur:2 q:42.54 aq:43.00 tex:0 mv:0 misc:192 imb:0 pmb:0 smb:2268 d:s ref:0 ;
in:179 out:181 type:b dur:2 cpbdur:2 q:42.66 aq:46.00 tex:0 mv:0 misc:176 imb:0 pmb:0 smb:2268 d:s ref:0 ;
in:181 out:182 type:b dur:2 cpbdur:2 q:42.43 aq:45.00 tex:0 mv:0 misc:176 imb:0 pmb:0 smb:2268 d:- ref:0 ;
in:184 out:183 type:P dur:2 cpbdur:2 q:41.99 aq:28.50 tex:3153 mv:2106 misc:781 imb:146 pmb:154 smb:1968 d:s ref:0 ;
in:183 out:184 type:b dur:2 cpbdur:2 q:42.16 aq:33.93 tex:39 mv:88 misc:329 imb:1 pmb:87 smb:2180 d:s ref:0 ;
in:187 out:185 type:P dur:2 cpbdur:2 q:42.80 aq:35.39 tex:83565 mv:7211 misc:760 imb:1319 pmb:111 smb:838 d:s ref:0 ;
in:185 out:186 type:B dur:2 cpbdur:2 q:42.26 aq:35.87 tex:5342 mv:2371 misc:1199 imb:68 pmb:431 smb:1769 d:s ref:0 ;
in:186 out:187 type:b dur:2 cpbdur:2 q:42.53 aq:44.85 tex:593 mv:343 misc:664 imb:4 pmb:171 smb:2093 d:- ref:0 ;
in:188 out:188 type:P dur:2 cpbdur:2 q:43.55 aq:33.52 tex:97643 mv:9129 misc:676 imb:1319 pmb:220 smb:729 d:s ref:0 ;
in:192 out:189 type:P dur:2 cpbdur:2 q:43.67 aq:33.77 tex:31494 mv:3979 misc:1239 imb:492 pmb:285 smb:1491 d:s ref:0 ;
in:190 out:190 type:B dur:2 cpbdur:2 q:43.61 aq:36.90 tex:1727 mv:1860 misc:853 imb:56 pmb:232 smb:1980 d:s ref:0 ;
in:189 out:191 type:b dur:2 cpbdur:2 q:43.58 aq:35.74 tex:1061 mv:874 misc:729 imb:29 pmb:204 smb:2035 d:s ref:0 ;
in:191 out:192 type:b dur:2 cpbdur:2 q:43.64 aq:40.43 tex:228 mv:800 misc:452 imb:39 pmb:70 smb:2159 d:- ref:0 ;
in:196 out:193 type:P dur:2 cpbdur:2 q:43.42 aq:31.23 tex:480 mv:189 misc:403 imb:5 pmb:29 smb:2234 d:s ref:0 ;
in:194 out:194 type:B dur:2 cpbdur:2 q:43.54 aq:44.00 tex:0 mv:0 misc:192 imb:0 pmb:0 smb:2268 d:s ref:0 ;
in:193 out:195 type:b dur:2 cpbdur:2 q:43.60 aq:46.00 tex:0 mv:0 misc:176 imb:0 pmb:0 smb:2268 d:s ref:0 ;
in:195 out:196 type:b dur:2 cpbdur:2 q:43.48 aq:46.00 tex:0 mv:0 misc:176 imb:0 pmb:0 smb:2268 d:- ref:0 ;
in:200 out:197 type:P dur:2 cpbdur:2 q:43.07 aq:27.47 tex:118 mv:31 misc:219 imb:2 pmb:1 smb:2265 d:s ref:0 ;
in:198 out:198 type:B dur:2 cpbdur:2 q:43.24 aq:44.00 tex:0 mv:0 misc:192 imb:0 pmb:0 smb:2268 d:s ref:0 ;
in:197 out:199 type:b dur:2 cpbdur:2 q:43.33 aq:46.00 tex:0 mv:0 misc:176 imb:0 pmb:0 smb:2268 d:s ref:0 ;
in:199 out:200 type:b dur:2 cpbdur:2 q:43.15 aq:46.00 tex:0 mv:0 misc:176 imb:0 pmb:0 smb:2268 d:- ref:0 ;
in:204 out:201 type:P dur:2 cpbdur:2 q:42.66 aq:26.23 tex:356 mv:58 misc:266 imb:5 pmb:6 smb:2257 d:s ref:0 ;
in:202 out:202 type:B dur:2 cpbdur:2 q:42.86 aq:44.00 tex:0 mv:0 misc:192 imb:0 pmb:0 smb:2268 d:s ref:0 ;
in:201 out:203 type:b dur:2 cpbdur:2 q:42.96 aq:46.00 tex:0 mv:0 misc:176 imb:0 pmb:0 smb:2268 d:s ref:0 ;
in:203 out:204 type:b dur:2 cpbdur:2 q:42.76 aq:46.00 tex:0 mv:0 misc:176 imb:0 pmb:0 smb:2268 d:- ref:0 ;
in:206 out:205 type:P dur:2 cpbdur:2 q:42.97 aq:33.35 tex:7187 mv:3122 misc:1163 imb:262 pmb:239 smb:1767 d:s ref:0 ;
in:205 out:206 type:b dur:2 cpbdur:2 q:42.82 aq:35.25 tex:487 mv:369 misc:632 imb:7 pmb:190 smb:2071 d:s ref:0 ;
in:207 out:207 type:P dur:2 cpbdur:2 q:44.18 aq:34.23 tex:15122 mv:3012 misc:1034 imb:358 pmb:168 smb:1742 d:s ref:0 ;
in:209 out:208 type:P dur:2 cpbdur:2 q:44.31 aq:31.34 tex:77242 mv:7126 misc:552 imb:1467 pmb:137 smb:664 d:s ref:0 ;
in:208 out:209 type:b dur:2 cpbdur:2 q:44.25 aq:40.34 tex:3183 mv:2953 misc:1056 imb:252 pmb:278 smb:1738 d:s ref:0 ;
in:213 out:210 type:P dur:2 cpbdur:2 q:44.32 aq:33.91 tex:19256 mv:2129 misc:1127 imb:245 pmb:201 smb:1822 d:s ref:0 ;
in:211 out:211 type:B dur:2 cpbdur:2 q:44.32 aq:44.22 tex:98 mv:1038 misc:704 imb:7 pmb:210 smb:2051 d:s ref:0 ;
in:210 out:212 type:b dur:2 cpbdur:2 q:44.31 aq:35.02 tex:95 mv:582 misc:771 imb:24 pmb:212 smb:2032 d:s ref:0 ;
in:212 out:213 type:b dur:2 cpbdur:2 q:44.32 aq:43.04 tex:34 mv:201 misc:453 imb:3 pmb:59 smb:2206 d:- ref:0 ;
in:217 out:214 type:P dur:2 cpbdur:2 q:44.21 aq:34.89 tex:258 mv:53 misc:265 imb:2 pmb:9 smb:2257 d:s ref:0 ;
in:215 out:215 type:B dur:2 cpbdur:2 q:44.27 aq:45.00 tex:0 mv:0 misc:192 imb:0 pmb:0 smb:2268 d:s ref:0 ;
in:214 out:216 type:b dur:2 cpbdur:2 q:44.29 aq:47.00 tex:0 mv:0 misc:176 imb:0 pmb:0 smb:2268 d:s ref:0 ;
in:216 out:217 type:b dur:2 cpbdur:2 q:44.24 aq:47.00 tex:0 mv:0 misc:176 imb:0 pmb:0 smb:2268 d:- ref:0 ;
in:221 out:218 type:P dur:2 cpbdur:2 q:43.96 aq:29.66 tex:154 mv:35 misc:227 imb:3 pmb:2 smb:2263 d:s ref:0 ;
in:219 out:219 type:B dur:2 cpbdur:2 q:44.09 aq:45.00 tex:0 mv:0 misc:192 imb:0 pmb:0 smb:2268 d:s ref:0 ;
in:218 out:220 type:b dur:2 cpbdur:2 q:44.15 aq:47.00 tex:0 mv:0 misc:176 imb:0 pmb:0 smb:2268 d:s ref:0 ;
in:220 out:221 type:b dur:2 cpbdur:2 q:44.02 aq:47.00 tex:0 mv:0 misc:176 imb:0 pmb:0 smb:2268 d:- ref:0 ;
in:225 out:222 type:P dur:2 cpbdur:2 q:43.66 aq:33.97 tex:1660 mv:1837 misc:839 imb:148 pmb:142 smb:1978 d:s ref:0 ;
in:223 out:223 type:B dur:2 cpbdur:2 q:43.81 aq:31.56 tex:57 mv:112 misc:375 imb:1 pmb:90 smb:2177 d:s ref:0 ;
in:222 out:224 type:b dur:2 cpbdur:2 q:43.89 aq:47.00 tex:0 mv:0 misc:176 imb:0 pmb:0 smb:2268 d:s ref:0 ;
in:224 out:225 type:b dur:2 cpbdur:2 q:43.73 aq:37.31 tex:100 mv:772 misc:696 imb:18 pmb:182 smb:2068 d:- ref:0 ;
in:226 out:226 type:P dur:2 cpbdur:2 q:43.95 aq:34.24 tex:4628 mv:1156 misc:592 imb:325 pmb:64 smb:1879 d:s ref:0 ;
in:227 out:227 type:P dur:2 cpbdur:2 q:44.16 aq:34.97 tex:62430 mv:6359 misc:659 imb:951 pmb:142 smb:1175 d:s ref:0 ;
in:231 out:228 type:P dur:2 cpbdur:2 q:44.33 aq:34.90 tex:89117 mv:5696 misc:755 imb:1068 pmb:106 smb:1094 d:s ref:0 ;
in:229 out:229 type:B dur:2 cpbdur:2 q:44.24 aq:40.75 tex:12129 mv:3895 misc:1128 imb:150 pmb:420 smb:1698 d:s ref:0 ;
in:228 out:230 type:b dur:2 cpbdur:2 q:44.20 aq:41.19 tex:147 mv:496 misc:773 imb:5 pmb:218 smb:2045 d:s ref:0 ;
in:230 out:231 type:b dur:2 cpbdur:2 q:44.29 aq:38.84 tex:1978 mv:2386 misc:1148 imb:35 pmb:391 smb:1842 d:- ref:0 ;
in:235 out:232 type:P dur:2 cpbdur:2 q:44.20 aq:38.41 tex:6849 mv:1915 misc:1092 imb:84 pmb:257 smb:1927 d:s ref:0 ;
in:233 out:233 type:B dur:2 cpbdur:2 q:44.26 aq:34.18 tex:51 mv:317 misc:712 imb:1 pmb:167 smb:2100 d:s ref:0 ;
in:232 out:234 type:b dur:2 cpbdur:2 q:44.30 aq:37.02 tex:42 mv:491 misc:579 imb:4 pmb:87 smb:2177 d:s ref:0 ;
in:234 out:235 type:b dur:2 cpbdur:2 q:44.23 aq:47.00 tex:0 mv:0 misc:176 imb:0 pmb:0 smb:2268 d:- ref:0 ;
in:239 out:236 type:P dur:2 cpbdur:2 q:43.94 aq:34.96 tex:185 mv:40 misc:263 imb:3 pmb:6 smb:2259 d:s ref:0 ;
in:237 out:237 type:B dur:2 cpbdur:2 q:44.07 aq:45.00 tex:0 mv:0 misc:192 imb:0 pmb:0 smb:2268 d:s ref:0 ;
in:236 out:238 type:b dur:2 cpbdur:2 q:44.14 aq:47.00 tex:0 mv:0 misc:176 imb:0 pmb:0 smb:2268 d:s ref:0 ;
in:238 out:239 type:b dur:2 cpbdur:2 q:44.01 aq:47.00 tex:0 mv:0 misc:176 imb:0 pmb:0 smb:2268 d:- ref:0 ;
in:243 out:240 type:P dur:2 cpbdur:2 q:43.66 aq:32.03 tex:19 mv:9 misc:196 imb:1 pmb:0 smb:2267 d:s ref:0 ;
in:241 out:241 type:B dur:2 cpbdur:2 q:43.80 aq:45.00 tex:0 mv:0 misc:192 imb:0 pmb:0 smb:2268 d:s ref:0 ;
in:240 out:242 type:b dur:2 cpbdur:2 q:43.87 aq:47.00 tex:0 mv:0 misc:176 imb:0 pmb:0 smb:2268 d:s ref:0 ;
in:242 out:243 type:b dur:2 cpbdur:2 q:43.73 aq:47.00 tex:0 mv:0 misc:176 imb:0 pmb:0 smb:2268 d:- ref:0 ;
in:246 out:244 type:P dur:2 cpbdur:2 q:43.20 aq:36.69 tex:36737 mv:5374 misc:753 imb:978 pmb:119 smb:1171 d:s ref:0 ;
in:244 out:245 type:B dur:2 cpbdur:2 q:43.51 aq:26.11 tex:131 mv:826 misc:995 imb:38 pmb:239 smb:1991 d:s ref:0 ;
in:245 out:246 type:b dur:2 cpbdur:2 q:43.35 aq:35.97 tex:1145 mv:2208 misc:911 imb:50 pmb:243 smb:1975 d:- ref:0 ;
in:247 out:247 type:P dur:2 cpbdur:2 q:44.23 aq:36.19 tex:33545 mv:5044 misc:763 imb:947 pmb:119 smb:1202 d:s ref:0 ;
in:251 out:248 type:P dur:2 cpbdur:2 q:44.42 aq:32.46 tex:61786 mv:4193 misc:853 imb:934 pmb:86 smb:1248 d:s ref:0 ;
in:249 out:249 type:B dur:2 cpbdur:2 q:44.33 aq:31.73 tex:344 mv:2063 misc:1169 imb:31 pmb:358 smb:1879 d:s ref:0 ;
in:248 out:250 type:b dur:2 cpbdur:2 q:44.28 aq:37.44 tex:3375 mv:2708 misc:1189 imb:91 pmb:424 smb:1753 d:s ref:0 ;
in:250 out:251 type:b dur:2 cpbdur:2 q:44.37 aq:37.64 tex:60 mv:537 misc:691 imb:7 pmb:151 smb:2110 d:- ref:0 ;
in:255 out:252 type:P dur:2 cpbdur:2 q:44.45 aq:36.84 tex:954 mv:1144 misc:886 imb:41 pmb:194 smb:2033 d:s ref:0 ;
in:253 out:253 type:B dur:2 cpbdur:2 q:44.44 aq:41.28 tex:28 mv:139 misc:385 imb:1 pmb:52 smb:2215 d:s ref:0 ;
in:252 out:254 type:b dur:2 cpbdur:2 q:44.43 aq:44.69 tex:20 mv:120 misc:276 imb:1 pmb:16 smb:2251 d:s ref:0 ;
in:254 out:255 type:b dur:2 cpbdur:2 q:44.44 aq:47.00 tex:0 mv:0 misc:176 imb:0 pmb:0 smb:2268 d:- ref:0 ;
in:259 out:256 type:P dur:2 cpbdur:2 q:44.19 aq:37.18 tex:48 mv:25 misc:231 imb:0 pmb:5 smb:2263 d:s ref:0 ;
in:257 out:257 type:B dur:2 cpbdur:2 q:44.32 aq:45.00 tex:0 mv:0 misc:192 imb:0 pmb:0 smb:2268 d:s ref:0 ;
in:256 out:258 type:b dur:2 cpbdur:2 q:44.39 aq:47.00 tex:0 mv:0 misc:176 imb:0 pmb:0 smb:2268 d:s ref:0 ;
in:258 out:259 type:b dur:2 cpbdur:2 q:44.26 aq:47.00 tex:0 mv:0 misc:176 imb:0 pmb:0 smb:2268 d:- ref:0 ;
in:263 out:260 type:P dur:2 cpbdur:2 q:43.91 aq:36.00 tex:0 mv:0 misc:184 imb:0 pmb:0 smb:2268 d:s ref:0 ;
in:261 out:261 type:B dur:2 cpbdur:2 q:44.05 aq:45.00 tex:0 mv:0 misc:192 imb:0 pmb:0 smb:2268 d:s ref:0 ;
in:260 out:262 type:b dur:2 cpbdur:2 q:44.12 aq:47.00 tex:0 mv:0 misc:176 imb:0 pmb:0 smb:2268 d:s ref:0 ;
in:262 out:263 type:b dur:2 cpbdur:2 q:43.98 aq:47.00 tex:0 mv:0 misc:176 imb:0 pmb:0 smb:2268 d:- ref:0 ;
in:267 out:264 type:P dur:2 cpbdur:2 q:43.94 aq:36.62 tex:23701 mv:3807 misc:796 imb:842 pmb:62 smb:1364 d:s ref:0 ;
in:265 out:265 type:B dur:2 cpbdur:2 q:43.93 aq:29.08 tex:126 mv:857 misc:801 imb:44 pmb:211 smb:2013 d:s ref:0 ;
in:264 out:266 type:b dur:2 cpbdur:2 q:43.92 aq:47.00 tex:0 mv:0 misc:176 imb:0 pmb:0 smb:2268 d:s ref:0 ;
in:266 out:267 type:b dur:2 cpbdur:2 q:43.94 aq:37.65 tex:314 mv:1670 misc:920 imb:15 pmb:304 smb:1949 d:- ref:0 ;
in:268 out:268 type:P dur:2 cpbdur:2 q:44.17 aq:36.46 tex:5981 mv:2620 misc:863 imb:291 pmb:99 smb:1878 d:s ref:0 ;
in:269 out:269 type:P dur:2 cpbdur:2 q:44.20 aq:35.38 tex:18144 mv:3456 misc:744 imb:814 pmb:63 smb:1391 d:s ref:0 ;
in:270 out:270 type:I dur:2 cpbdur:2 q:41.14 aq:26.85 tex:66748 mv:15099 misc:457 imb:2268 pmb:0 smb:0 d:s ref:;
in:272 out:271 type:P dur:2 cpbdur:2 q:44.44 aq:33.45 tex:11320 mv:2118 misc:826 imb:208 pmb:109 smb:1951 d:s ref:0 ;
in:271 out:272 type:b dur:2 cpbdur:2 q:44.44 aq:38.02 tex:91 mv:469 misc:688 imb:8 pmb:183 smb:2077 d:s ref:0 ;
in:273 out:273 type:P dur:2 cpbdur:2 q:44.41 aq:33.03 tex:5495 mv:2628 misc:917 imb:183 pmb:191 smb:1894 d:s ref:0 ;
in:277 out:274 type:P dur:2 cpbdur:2 q:44.35 aq:36.60 tex:1288 mv:1503 misc:817 imb:119 pmb:147 smb:2002 d:s ref:0 ;
in:275 out:275 type:B dur:2 cpbdur:2 q:44.38 aq:38.03 tex:64 mv:278 misc:698 imb:5 pmb:170 smb:2093 d:s ref:0 ;
in:274 out:276 type:b dur:2 cpbdur:2 q:44.40 aq:34.72 tex:40 mv:331 misc:461 imb:1 pmb:66 smb:2201 d:s ref:0 ;
in:276 out:277 type:b dur:2 cpbdur:2 q:44.37 aq:47.00 tex:0 mv:0 misc:176 imb:0 pmb:0 smb:2268 d:- ref:0 ;
in:281 out:278 type:P dur:2 cpbdur:2 q:44.06 aq:35.73 tex:619 mv:632 misc:709 imb:14 pmb:145 smb:2109 d:s ref:0 ;
in:279 out:279 type:B dur:2 cpbdur:2 q:44.21 aq:45.00 tex:0 mv:0 misc:192 imb:0 pmb:0 smb:2268 d:s ref:0 ;
in:278 out:280 type:b dur:2 cpbdur:2 q:44.28 aq:47.00 tex:0 mv:0 misc:176 imb:0 pmb:0 smb:2268 d:s ref:0 ;
in:280 out:281 type:b dur:2 cpbdur:2 q:44.13 aq:47.00 tex:0 mv:0 misc:176 imb:0 pmb:0 smb:2268 d:- ref:0 ;
in:285 out:282 type:P dur:2 cpbdur:2 q:43.93 aq:26.83 tex:25 mv:18 misc:205 imb:2 pmb:0 smb:2266 d:s ref:0 ;
in:283 out:283 type:B dur:2 cpbdur:2 q:43.99 aq:45.00 tex:0 mv:0 misc:192 imb:0 pmb:0 smb:2268 d:s ref:0 ;
in:282 out:284 type:b dur:2 cpbdur:2 q:44.03 aq:47.00 tex:0 mv:0 misc:176 imb:0 pmb:0 smb:2268 d:s ref:0 ;
in:284 out:285 type:b dur:2 cpbdur:2 q:43.96 aq:47.00 tex:0 mv:0 misc:176 imb:0 pmb:0 smb:2268 d:- ref:0 ;
in:289 out:286 type:P dur:2 cpbdur:2 q:43.63 aq:36.94 tex:26564 mv:3566 misc:766 imb:686 pmb:90 smb:1492 d:s ref:0 ;
in:287 out:287 type:B dur:2 cpbdur:2 q:43.78 aq:34.99 tex:51 mv:314 misc:643 imb:4 pmb:172 smb:2092 d:s ref:0 ;
in:286 out:288 type:b dur:2 cpbdur:2 q:43.85 aq:47.00 tex:0 mv:0 misc:176 imb:0 pmb:0 smb:2268 d:s ref:0 ;
in:288 out:289 type:b dur:2 cpbdur:2 q:43.70 aq:35.08 tex:509 mv:1375 misc:908 imb:14 pmb:335 smb:1919 d:- ref:0 ;
in:292 out:290 type:P dur:2 cpbdur:2 q:43.74 aq:31.81 tex:61325 mv:4845 misc:734 imb:935 pmb:112 smb:1221 d:s ref:0 ;
in:290 out:291 type:B dur:2 cpbdur:2 q:43.67 aq:36.53 tex:686 mv:1328 misc:930 imb:10 pmb:329 smb:1929 d:s ref:0 ;
in:291 out:292 type:b dur:2 cpbdur:2 q:43.70 aq:34.97 tex:145 mv:343 misc:792 imb:6 pmb:222 smb:2040 d:- ref:0 ;
in:293 out:293 type:P dur:2 cpbdur:2 q:43.72 aq:36.86 tex:3421 mv:1717 misc:974 imb:141 pmb:202 smb:1925 d:s ref:0 ;
in:297 out:294 type:P dur:2 cpbdur:2 q:43.69 aq:32.84 tex:1022 mv:1028 misc:814 imb:74 pmb:163 smb:2031 d:s ref:0 ;
in:295 out:295 type:B dur:2 cpbdur:2 q:43.70 aq:44.60 tex:89 mv:244 misc:523 imb:2 pmb:78 smb:2188 d:t ref:0 ;
in:294 out:296 type:b dur:2 cpbdur:2 q:43.71 aq:45.29 tex:68 mv:151 misc:309 imb:1 pmb:26 smb:2241 d:s ref:0 ;
in:296 out:297 type:b dur:2 cpbdur:2 q:43.70 aq:47.00 tex:0 mv:0 misc:176 imb:0 pmb:0 smb:2268 d:- ref:0 ;
in:301 out:298 type:P dur:2 cpbdur:2 q:43.44 aq:28.40 tex:180 mv:37 misc:223 imb:3 pmb:1 smb:2264 d:s ref:0 ;
in:299 out:299 type:B dur:2 cpbdur:2 q:43.56 aq:44.00 tex:0 mv:0 misc:192 imb:0 pmb:0 smb:2268 d:s ref:0 ;
in:298 out:300 type:b dur:2 cpbdur:2 q:43.63 aq:47.00 tex:0 mv:0 misc:176 imb:0 pmb:0 smb:2268 d:s ref:0 ;
in:300 out:301 type:b dur:2 cpbdur:2 q:43.50 aq:46.00 tex:0 mv:0 misc:176 imb:0 pmb:0 smb:2268 d:- ref:0 ;
in:305 out:302 type:P dur:2 cpbdur:2 q:43.14 aq:38.72 tex:2138 mv:1690 misc:876 imb:92 pmb:191 smb:1985 d:s ref:0 ;
in:303 out:303 type:B dur:2 cpbdur:2 q:43.29 aq:32.47 tex:106 mv:586 misc:740 imb:31 pmb:181 smb:2056 d:s ref:0 ;
in:302 out:304 type:b dur:2 cpbdur:2 q:43.37 aq:46.00 tex:0 mv:0 misc:176 imb:0 pmb:0 smb:2268 d:s ref:0 ;
in:304 out:305 type:b dur:2 cpbdur:2 q:43.22 aq:33.54 tex:86 mv:761 misc:809 imb:41 pmb:194 smb:2033 d:- ref:0 ;
in:309 out:306 type:P dur:2 cpbdur:2 q:43.02 aq:33.54 tex:34653 mv:5130 misc:713 imb:1151 pmb:90 smb:1027 d:s ref:0 ;
in:307 out:307 type:B dur:2 cpbdur:2 q:43.08 aq:39.38 tex:9855 mv:3063 misc:1266 imb:117 pmb:453 smb:1698 d:s ref:0 ;
in:306 out:308 type:b dur:2 cpbdur:2 q:43.11 aq:38.86 tex:8623 mv:3630 misc:1011 imb:149 pmb:455 smb:1664 d:s ref:0 ;
in:308 out:309 type:b dur:2 cpbdur:2 q:43.05 aq:31.59 tex:86 mv:407 misc:667 imb:11 pmb:183 smb:2074 d:- ref:0 ;
in:310 out:310 type:P dur:2 cpbdur:2 q:43.26 aq:32.53 tex:40577 mv:5239 misc:736 imb:869 pmb:140 smb:1259 d:s ref:0 ;
in:311 out:311 type:P dur:2 cpbdur:2 q:43.37 aq:31.92 tex:18119 mv:2723 misc:958 imb:353 pmb:158 smb:1757 d:s ref:0 ;
in:315 out:312 type:P dur:2 cpbdur:2 q:43.38 aq:35.08 tex:10965 mv:2365 misc:950 imb:209 pmb:170 smb:1889 d:s ref:0 ;
in:313 out:313 type:B dur:2 cpbdur:2 q:43.37 aq:38.00 tex:586 mv:1572 misc:722 imb:48 pmb:181 smb:2039 d:s ref:0 ;
in:312 out:314 type:b dur:2 cpbdur:2 q:43.37 aq:42.06 tex:140 mv:519 misc:789 imb:2 pmb:242 smb:2024 d:s ref:0 ;
in:314 out:315 type:b dur:2 cpbdur:2 q:43.37 aq:33.17 tex:40 mv:515 misc:429 imb:8 pmb:88 smb:2172 d:- ref:0 ;
in:319 out:316 type:P dur:2 cpbdur:2 q:43.15 aq:31.76 tex:71 mv:35 misc:230 imb:2 pmb:3 smb:2263 d:s ref:0 ;
in:317 out:317 type:B dur:2 cpbdur:2 q:43.26 aq:44.00 tex:0 mv:0 misc:192 imb:0 pmb:0 smb:2268 d:s ref:0 ;
in:316 out:318 type:b dur:2 cpbdur:2 q:43.32 aq:46.00 tex:0 mv:0 misc:176 imb:0 pmb:0 smb:2268 d:s ref:0 ;
in:318 out:319 type:b dur:2 cpbdur:2 q:43.21 aq:46.00 tex:0 mv:0 misc:176 imb:0 pmb:0 smb:2268 d:- ref:0 ;
in:323 out:320 type:P dur:2 cpbdur:2 q:42.92 aq:35.00 tex:17 mv:15 misc:208 imb:0 pmb:2 smb:2266 d:s ref:0 ;
in:321 out:321 type:B dur:2 cpbdur:2 q:43.04 aq:44.00 tex:0 mv:0 misc:192 imb:0 pmb:0 smb:2268 d:s ref:0 ;
in:320 out:322 type:b dur:2 cpbdur:2 q:43.10 aq:46.00 tex:0 mv:0 misc:176 imb:0 pmb:0 smb:2268 d:s ref:0 ;
in:322 out:323 type:b dur:2 cpbdur:2 q:42.98 aq:46.00 tex:0 mv:0 misc:176 imb:0 pmb:0 smb:2268 d:- ref:0 ;
in:325 out:324 type:P dur:2 cpbdur:2 q:42.88 aq:33.80 tex:3303 mv:1336 misc:713 imb:191 pmb:54 smb:2023 d:s ref:0 ;
in:324 out:325 type:b dur:2 cpbdur:2 q:42.90 aq:37.42 tex:77 mv:360 misc:619 imb:6 pmb:182 smb:2080 d:s ref:0 ;
in:326 out:326 type:P dur:2 cpbdur:2 q:42.99 aq:36.26 tex:22272 mv:4274 misc:806 imb:738 pmb:79 smb:1451 d:s ref:0 ;
in:328 out:327 type:P dur:2 cpbdur:2 q:42.97 aq:34.02 tex:31707 mv:4373 misc:728 imb:712 pmb:85 smb:1471 d:s ref:0 ;
in:327 out:328 type:b dur:2 cpbdur:2 q:42.98 aq:45.28 tex:226 mv:226 misc:588 imb:3 pmb:179 smb:2086 d:s ref:0 ;
in:329 out:329 type:P dur:2 cpbdur:2 q:43.21 aq:34.05 tex:48160 mv:5488 misc:672 imb:1019 pmb:80 smb:1169 d:s ref:0 ;
in:330 out:330 type:P dur:2 cpbdur:2 q:43.32 aq:32.46 tex:7187 mv:2746 misc:939 imb:283 pmb:142 smb:1843 d:s ref:0 ;
in:331 out:331 type:P dur:2 cpbdur:2 q:43.33 aq:31.61 tex:9156 mv:2917 misc:999 imb:278 pmb:180 smb:1810 d:s ref:0 ;
in:335 out:332 type:P dur:2 cpbdur:2 q:43.33 aq:32.55 tex:1295 mv:1114 misc:847 imb:102 pmb:117 smb:2049 d:s ref:0 ;
in:333 out:333 type:B dur:2 cpbdur:2 q:43.33 aq:43.80 tex:56 mv:167 misc:497 imb:0 pmb:104 smb:2164 d:s ref:0 ;
in:332 out:334 type:b dur:2 cpbdur:2 q:43.33 aq:35.27 tex:69 mv:199 misc:356 imb:6 pmb:57 smb:2205 d:s ref:0 ;
in:334 out:335 type:b dur:2 cpbdur:2 q:43.33 aq:46.00 tex:0 mv:0 misc:176 imb:0 pmb:0 smb:2268 d:- ref:0 ;
in:339 out:336 type:P dur:2 cpbdur:2 q:43.08 aq:35.82 tex:192 mv:89 misc:271 imb:5 pmb:8 smb:2255 d:s ref:0 ;
in:337 out:337 type:B dur:2 cpbdur:2 q:43.20 aq:44.00 tex:0 mv:0 misc:192 imb:0 pmb:0 smb:2268 d:s ref:0 ;
in:336 out:338 type:b dur:2 cpbdur:2 q:43.26 aq:46.00 tex:0 mv:0 misc:176 imb:0 pmb:0 smb:2268 d:s ref:0 ;
in:338 out:339 type:b dur:2 cpbdur:2 q:43.14 aq:46.00 tex:0 mv:0 misc:176 imb:0 pmb:0 smb:2268 d:- ref:0 ;
in:343 out:340 type:P dur:2 cpbdur:2 q:42.82 aq:33.64 tex:574 mv:192 misc:322 imb:20 pmb:11 smb:2237 d:s ref:0 ;
in:341 out:341 type:B dur:2 cpbdur:2 q:42.95 aq:44.00 tex:0 mv:0 misc:192 imb:0 pmb:0 smb:2268 d:s ref:0 ;
in:340 out:342 type:b dur:2 cpbdur:2 q:43.01 aq:46.00 tex:0 mv:0 misc:176 imb:0 pmb:0 smb:2268 d:s ref:0 ;
in:342 out:343 type:b dur:2 cpbdur:2 q:42.88 aq:46.00 tex:0 mv:0 misc:176 imb:0 pmb:0 smb:2268 d:- ref:0 ;
in:346 out:344 type:P dur:2 cpbdur:2 q:42.67 aq:34.77 tex:3835 mv:2414 misc:823 imb:229 pmb:136 smb:1903 d:s ref:0 ;
in:344 out:345 type:B dur:2 cpbdur:2 q:42.77 aq:31.36 tex:117 mv:795 misc:872 imb:36 pmb:246 smb:1986 d:s ref:0 ;
in:345 out:346 type:b dur:2 cpbdur:2 q:42.72 aq:40.39 tex:268 mv:1938 misc:730 imb:110 pmb:205 smb:1953 d:- ref:0 ;
in:348 out:347 type:P dur:2 cpbdur:2 q:42.97 aq:33.83 tex:15824 mv:3965 misc:899 imb:488 pmb:150 smb:1630 d:s ref:0 ;
in:347 out:348 type:b dur:2 cpbdur:2 q:42.82 aq:46.35 tex:178 mv:567 misc:639 imb:11 pmb:174 smb:2083 d:s ref:0 ;
in:349 out:349 type:P dur:2 cpbdur:2 q:43.01 aq:33.32 tex:46323 mv:6425 misc:764 imb:995 pmb:150 smb:1123 d:s ref:0 ;
in:350 out:350 type:P dur:2 cpbdur:2 q:43.01 aq:33.44 tex:59287 mv:6745 misc:728 imb:1021 pmb:138 smb:1109 d:s ref:0 ;
in:351 out:351 type:P dur:2 cpbdur:2 q:43.02 aq:31.94 tex:73638 mv:7309 misc:821 imb:1010 pmb:169 smb:1089 d:s ref:0 ;
in:352 out:352 type:P dur:2 cpbdur:2 q:43.05 aq:34.69 tex:7120 mv:2870 misc:1210 imb:240 pmb:230 smb:1798 d:s ref:0 ;
in:356 out:353 type:P dur:2 cpbdur:2 q:43.02 aq:37.78 tex:1176 mv:971 misc:861 imb:58 pmb:167 smb:2043 d:s ref:0 ;
in:354 out:354 type:B dur:2 cpbdur:2 q:43.03 aq:44.00 tex:1 mv:13 misc:202 imb:0 pmb:1 smb:2267 d:s ref:0 ;
in:353 out:355 type:b dur:2 cpbdur:2 q:43.04 aq:46.00 tex:0 mv:0 misc:176 imb:0 pmb:0 smb:2268 d:s ref:0 ;
in:355 out:356 type:b dur:2 cpbdur:2 q:43.02 aq:46.00 tex:0 mv:0 misc:176 imb:0 pmb:0 smb:2268 d:- ref:0 ;
in:360 out:357 type:P dur:2 cpbdur:2 q:42.80 aq:32.64 tex:31 mv:49 misc:224 imb:4 pmb:2 smb:2262 d:s ref:0 ;
in:358 out:358 type:B dur:2 cpbdur:2 q:42.91 aq:44.00 tex:0 mv:0 misc:192 imb:0 pmb:0 smb:2268 d:s ref:0 ;
in:357 out:359 type:b dur:2 cpbdur:2 q:42.96 aq:46.00 tex:0 mv:0 misc:176 imb:0 pmb:0 smb:2268 d:s ref:0 ;
in:359 out:360 type:b dur:2 cpbdur:2 q:42.86 aq:46.00 tex:0 mv:0 misc:176 imb:0 pmb:0 smb:2268 d:- ref:0 ;
in:364 out:361 type:P dur:2 cpbdur:2 q:42.56 aq:29.93 tex:1809 mv:990 misc:769 imb:74 pmb:108 smb:2086 d:s ref:0 ;
in:362 out:362 type:B dur:2 cpbdur:2 q:42.68 aq:44.00 tex:0 mv:0 misc:192 imb:0 pmb:0 smb:2268 d:s ref:0 ;
in:361 out:363 type:b dur:2 cpbdur:2 q:42.74 aq:46.00 tex:0 mv:0 misc:176 imb:0 pmb:0 smb:2268 d:s ref:0 ;
in:363 out:364 type:b dur:2 cpbdur:2 q:42.62 aq:46.00 tex:0 mv:0 misc:176 imb:0 pmb:0 smb:2268 d:- ref:0 ;
in:365 out:365 type:P dur:2 cpbdur:2 q:42.34 aq:32.64 tex:2971 mv:2600 misc:1029 imb:179 pmb:172 smb:1917 d:s ref:0 ;
in:367 out:366 type:P dur:2 cpbdur:2 q:42.32 aq:34.94 tex:9136 mv:2615 misc:1025 imb:236 pmb:151 smb:1881 d:s ref:0 ;
in:366 out:367 type:b dur:2 cpbdur:2 q:42.33 aq:37.18 tex:427 mv:612 misc:697 imb:4 pmb:189 smb:2075 d:s ref:0 ;
in:368 out:368 type:P dur:2 cpbdur:2 q:42.90 aq:33.77 tex:5112 mv:1884 misc:876 imb:208 pmb:81 smb:1979 d:s ref:0 ;
in:369 out:369 type:P dur:2 cpbdur:2 q:43.46 aq:35.78 tex:48429 mv:6434 misc:833 imb:1028 pmb:125 smb:1115 d:s ref:0 ;
in:370 out:370 type:P dur:2 cpbdur:2 q:43.66 aq:34.35 tex:62393 mv:6690 misc:885 imb:976 pmb:149 smb:1143 d:s ref:0 ;
in:371 out:371 type:P dur:2 cpbdur:2 q:43.75 aq:31.27 tex:12193 mv:3574 misc:1281 imb:290 pmb:254 smb:1724 d:s ref:0 ;
in:373 out:372 type:P dur:2 cpbdur:2 q:43.75 aq:33.49 tex:6134 mv:1929 misc:1057 imb:128 pmb:210 smb:1930 d:s ref:0 ;
in:372 out:373 type:b dur:2 cpbdur:2 q:43.75 aq:46.46 tex:59 mv:263 misc:782 imb:1 pmb:214 smb:2053 d:s ref:0 ;
in:377 out:374 type:P dur:2 cpbdur:2 q:43.67 aq:31.77 tex:2773 mv:1434 misc:1009 imb:90 pmb:199 smb:1979 d:s ref:0 ;
in:375 out:375 type:B dur:2 cpbdur:2 q:43.71 aq:45.00 tex:0 mv:0 misc:192 imb:0 pmb:0 smb:2268 d:s ref:0 ;
in:374 out:376 type:b dur:2 cpbdur:2 q:43.73 aq:47.00 tex:0 mv:0 misc:176 imb:0 pmb:0 smb:2268 d:s ref:0 ;
in:376 out:377 type:b dur:2 cpbdur:2 q:43.69 aq:47.00 tex:0 mv:0 misc:176 imb:0 pmb:0 smb:2268 d:- ref:0 ;
in:381 out:378 type:P dur:2 cpbdur:2 q:43.49 aq:29.24 tex:471 mv:133 misc:332 imb:12 pmb:9 smb:2247 d:s ref:0 ;
in:379 out:379 type:B dur:2 cpbdur:2 q:43.58 aq:44.00 tex:0 mv:0 misc:192 imb:0 pmb:0 smb:2268 d:s ref:0 ;
in:378 out:380 type:b dur:2 cpbdur:2 q:43.62 aq:47.00 tex:0 mv:0 misc:176 imb:0 pmb:0 smb:2268 d:s ref:0 ;
in:380 out:381 type:b dur:2 cpbdur:2 q:43.54 aq:46.00 tex:0 mv:0 misc:176 imb:0 pmb:0 smb:2268 d:- ref:0 ;
in:385 out:382 type:P dur:2 cpbdur:2 q:43.27 aq:31.26 tex:7594 mv:2322 misc:924 imb:193 pmb:143 smb:1932 d:s ref:0 ;
in:383 out:383 type:B dur:2 cpbdur:2 q:43.38 aq:32.04 tex:106 mv:779 misc:851 imb:26 pmb:231 smb:2011 d:s ref:0 ;
in:382 out:384 type:b dur:2 cpbdur:2 q:43.43 aq:46.00 tex:0 mv:0 misc:176 imb:0 pmb:0 smb:2268 d:s ref:0 ;
in:384 out:385 type:b dur:2 cpbdur:2 q:43.32 aq:36.78 tex:176 mv:581 misc:643 imb:22 pmb:186 smb:2060 d:- ref:0 ;
in:386 out:386 type:P dur:2 cpbdur:2 q:42.98 aq:29.35 tex:6255 mv:2757 misc:972 imb:280 pmb:162 smb:1826 d:s ref:0 ;
in:387 out:387 type:P dur:2 cpbdur:2 q:43.10 aq:36.28 tex:70483 mv:6365 misc:904 imb:724 pmb:209 smb:1335 d:s ref:0 ;
in:388 out:388 type:P dur:2 cpbdur:2 q:43.47 aq:33.89 tex:18897 mv:3165 misc:1138 imb:195 pmb:274 smb:1799 d:s ref:0 ;
in:392 out:389 type:P dur:2 cpbdur:2 q:43.66 aq:35.63 tex:3654 mv:1762 misc:1040 imb:84 pmb:236 smb:1948 d:s ref:0 ;
in:390 out:390 type:B dur:2 cpbdur:2 q:43.56 aq:39.20 tex:37 mv:265 misc:626 imb:1 pmb:125 smb:2142 d:s ref:0 ;
in:389 out:391 type:b dur:2 cpbdur:2 q:43.51 aq:41.01 tex:49 mv:386 misc:549 imb:2 pmb:108 smb:2158 d:s ref:0 ;
in:391 out:392 type:b dur:2 cpbdur:2 q:43.61 aq:46.00 tex:0 mv:0 misc:176 imb:0 pmb:0 smb:2268 d:- ref:0 ;
in:396 out:393 type:P dur:2 cpbdur:2 q:43.52 aq:26.37 tex:199 mv:108 misc:253 imb:8 pmb:4 smb:2256 d:s ref:0 ;
in:394 out:394 type:B dur:2 cpbdur:2 q:43.59 aq:44.00 tex:0 mv:0 misc:192 imb:0 pmb:0 smb:2268 d:s ref:0 ;
in:393 out:395 type:b dur:2 cpbdur:2 q:43.63 aq:47.00 tex:0 mv:0 misc:176 imb:0 pmb:0 smb:2268 d:s ref:0 ;
in:395 out:396 type:b dur:2 cpbdur:2 q:43.56 aq:46.00 tex:0 mv:0 misc:176 imb:0 pmb:0 smb:2268 d:- ref:0 ;
in:400 out:397 type:P dur:2 cpbdur:2 q:43.30 aq:33.55 tex:1667 mv:1354 misc:883 imb:109 pmb:115 smb:2044 d:s ref:0 ;
in:398 out:398 type:B dur:2 cpbdur:2 q:43.41 aq:34.75 tex:86 mv:424 misc:650 imb:10 pmb:147 smb:2111 d:s ref:0 ;
in:397 out:399 type:b dur:2 cpbdur:2 q:43.47 aq:46.00 tex:0 mv:0 misc:176 imb:0 pmb:0 smb:2268 d:s ref:0 ;
in:399 out:400 type:b dur:2 cpbdur:2 q:43.35 aq:35.34 tex:83 mv:568 misc:797 imb:12 pmb:188 smb:2068 d:- ref:0 ;
in:401 out:401 type:P dur:2 cpbdur:2 q:43.14 aq:31.43 tex:7997 mv:1623 misc:668 imb:180 pmb:90 smb:1998 d:s ref:0 ;
in:403 out:402 type:P dur:2 cpbdur:2 q:43.14 aq:36.49 tex:56937 mv:7630 misc:849 imb:1061 pmb:167 smb:1040 d:s ref:0 ;
in:402 out:403 type:b dur:2 cpbdur:2 q:43.14 aq:39.56 tex:549 mv:544 misc:667 imb:10 pmb:157 smb:2101 d:s ref:0 ;
in:404 out:404 type:P dur:2 cpbdur:2 q:43.16 aq:36.17 tex:50110 mv:7068 misc:966 imb:941 pmb:171 smb:1156 d:s ref:0 ;
in:405 out:405 type:P dur:2 cpbdur:2 q:43.50 aq:34.44 tex:65663 mv:7532 misc:909 imb:1014 pmb:163 smb:1091 d:s ref:0 ;
in:406 out:406 type:P dur:2 cpbdur:2 q:43.58 aq:32.48 tex:29033 mv:5016 misc:1207 imb:486 pmb:336 smb:1446 d:s ref:0 ;
in:410 out:407 type:P dur:2 cpbdur:2 q:43.60 aq:34.49 tex:5452 mv:2837 misc:1279 imb:199 pmb:274 smb:1795 d:s ref:0 ;
in:408 out:408 type:B dur:2 cpbdur:2 q:43.59 aq:35.92 tex:328 mv:1228 misc:964 imb:31 pmb:243 smb:1994 d:s ref:0 ;
in:407 out:409 type:b dur:2 cpbdur:2 q:43.58 aq:34.79 tex:312 mv:794 misc:966 imb:24 pmb:249 smb:1995 d:s ref:0 ;
in:409 out:410 type:b dur:2 cpbdur:2 q:43.59 aq:46.00 tex:1 mv:17 misc:214 imb:0 pmb:6 smb:2262 d:- ref:0 ;
in:414 out:411 type:P dur:2 cpbdur:2 q:43.43 aq:27.93 tex:204 mv:107 misc:281 imb:11 pmb:4 smb:2253 d:s ref:0 ;
in:412 out:412 type:B dur:2 cpbdur:2 q:43.51 aq:44.00 tex:0 mv:0 misc:192 imb:0 pmb:0 smb:2268 d:s ref:0 ;
in:411 out:413 type:b dur:2 cpbdur:2 q:43.56 aq:46.00 tex:0 mv:0 misc:176 imb:0 pmb:0 smb:2268 d:s ref:0 ;
in:413 out:414 type:b dur:2 cpbdur:2 q:43.47 aq:46.00 tex:0 mv:0 misc:176 imb:0 pmb:0 smb:2268 d:- ref:0 ;
in:418 out:415 type:P dur:2 cpbdur:2 q:43.23 aq:26.66 tex:152 mv:81 misc:263 imb:6 pmb:6 smb:2256 d:s ref:0 ;
in:416 out:416 type:B dur:2 cpbdur:2 q:43.33 aq:44.00 tex:0 mv:0 misc:192 imb:0 pmb:0 smb:2268 d:s ref:0 ;
in:415 out:417 type:b dur:2 cpbdur:2 q:43.38 aq:46.00 tex:0 mv:0 misc:176 imb:0 pmb:0 smb:2268 d:s ref:0 ;
in:417 out:418 type:b dur:2 cpbdur:2 q:43.28 aq:46.00 tex:0 mv:0 misc:176 imb:0 pmb:0 smb:2268 d:- ref:0 ;
in:420 out:419 type:P dur:2 cpbdur:2 q:43.04 aq:34.54 tex:37122 mv:5995 misc:883 imb:892 pmb:142 smb:1234 d:s ref:0 ;
in:419 out:420 type:b dur:2 cpbdur:2 q:43.13 aq:36.60 tex:553 mv:1976 misc:1095 imb:66 pmb:302 smb:1900 d:s ref:0 ;
in:424 out:421 type:P dur:2 cpbdur:2 q:43.26 aq:30.66 tex:53301 mv:5239 misc:796 imb:1132 pmb:84 smb:1052 d:s ref:0 ;
in:422 out:422 type:B dur:2 cpbdur:2 q:43.15 aq:36.04 tex:2583 mv:2110 misc:1115 imb:94 pmb:271 smb:1903 d:s ref:0 ;
in:421 out:423 type:b dur:2 cpbdur:2 q:43.09 aq:40.47 tex:7076 mv:3080 misc:1092 imb:105 pmb:336 smb:1827 d:s ref:0 ;
in:423 out:424 type:b dur:2 cpbdur:2 q:43.20 aq:34.43 tex:177 mv:563 misc:852 imb:12 pmb:236 smb:2020 d:- ref:0 ;
in:428 out:425 type:P dur:2 cpbdur:2 q:43.89 aq:34.19 tex:6122 mv:2453 misc:937 imb:166 pmb:187 smb:1915 d:s ref:0 ;
in:426 out:426 type:B dur:2 cpbdur:2 q:43.58 aq:37.01 tex:93 mv:406 misc:701 imb:3 pmb:188 smb:2077 d:s ref:0 ;
in:425 out:427 type:b dur:2 cpbdur:2 q:43.42 aq:32.71 tex:150 mv:614 misc:820 imb:16 pmb:217 smb:2035 d:s ref:0 ;
in:427 out:428 type:b dur:2 cpbdur:2 q:43.73 aq:47.00 tex:0 mv:0 misc:176 imb:0 pmb:0 smb:2268 d:- ref:0 ;
in:432 out:429 type:P dur:2 cpbdur:2 q:43.77 aq:25.52 tex:80 mv:65 misc:231 imb:4 pmb:2 smb:2262 d:s ref:0 ;
in:430 out:430 type:B dur:2 cpbdur:2 q:43.83 aq:45.00 tex:0 mv:0 misc:192 imb:0 pmb:0 smb:2268 d:s ref:0 ;
in:429 out:431 type:b dur:2 cpbdur:2 q:43.86 aq:47.00 tex:0 mv:0 misc:176 imb:0 pmb:0 smb:2268 d:s ref:0 ;
in:431 out:432 type:b dur:2 cpbdur:2 q:43.80 aq:47.00 tex:0 mv:0 misc:176 imb:0 pmb:0 smb:2268 d:- ref:0 ;
in:436 out:433 type:P dur:2 cpbdur:2 q:43.56 aq:25.80 tex:182 mv:68 misc:246 imb:6 pmb:2 smb:2260 d:s ref:0 ;
in:434 out:434 type:B dur:2 cpbdur:2 q:43.66 aq:45.00 tex:0 mv:0 misc:192 imb:0 pmb:0 smb:2268 d:s ref:0 ;
in:433 out:435 type:b dur:2 cpbdur:2 q:43.71 aq:47.00 tex:0 mv:0 misc:176 imb:0 pmb:0 smb:2268 d:s ref:0 ;
in:435 out:436 type:b dur:2 cpbdur:2 q:43.61 aq:46.00 tex:0 mv:0 misc:176 imb:0 pmb:0 smb:2268 d:- ref:0 ;
in:437 out:437 type:P dur:2 cpbdur:2 q:43.57 aq:33.39 tex:821 mv:1178 misc:673 imb:49 pmb:116 smb:2103 d:s ref:0 ;
in:439 out:438 type:P dur:2 cpbdur:2 q:43.59 aq:32.40 tex:2329 mv:1889 misc:838 imb:166 pmb:102 smb:2000 d:s ref:0 ;
in:438 out:439 type:b dur:2 cpbdur:2 q:43.58 aq:38.17 tex:182 mv:333 misc:749 imb:8 pmb:202 smb:2058 d:s ref:0 ;
in:441 out:440 type:P dur:2 cpbdur:2 q:43.74 aq:34.68 tex:35927 mv:4927 misc:842 imb:962 pmb:71 smb:1235 d:s ref:0 ;
in:440 out:441 type:b dur:2 cpbdur:2 q:43.67 aq:41.80 tex:2350 mv:2351 misc:1195 imb:67 pmb:349 smb:1852 d:s ref:0 ;
in:445 out:442 type:P dur:2 cpbdur:2 q:43.81 aq:32.84 tex:59039 mv:6018 misc:775 imb:894 pmb:122 smb:1252 d:s ref:0 ;
in:443 out:443 type:B dur:2 cpbdur:2 q:43.78 aq:30.07 tex:944 mv:1573 misc:1059 imb:34 pmb:292 smb:1942 d:s ref:0 ;
in:442 out:444 type:b dur:2 cpbdur:2 q:43.76 aq:40.01 tex:3617 mv:3219 misc:1132 imb:106 pmb:408 smb:1754 d:s ref:0 ;
in:444 out:445 type:b dur:2 cpbdur:2 q:43.79 aq:47.00 tex:3 mv:52 misc:281 imb:0 pmb:23 smb:2245 d:- ref:0 ;
in:449 out:446 type:P dur:2 cpbdur:2 q:43.76 aq:36.18 tex:300 mv:116 misc:320 imb:6 pmb:14 smb:2248 d:s ref:0 ;
in:447 out:447 type:B dur:2 cpbdur:2 q:43.79 aq:45.00 tex:0 mv:0 misc:192 imb:0 pmb:0 smb:2268 d:s ref:0 ;
in:446 out:448 type:b dur:2 cpbdur:2 q:43.80 aq:47.00 tex:0 mv:0 misc:176 imb:0 pmb:0 smb:2268 d:s ref:0 ;
in:448 out:449 type:b dur:2 cpbdur:2 q:43.77 aq:47.00 tex:0 mv:0 misc:176 imb:0 pmb:0 smb:2268 d:- ref:0 ;
in:453 out:450 type:P dur:2 cpbdur:2 q:43.56 aq:32.38 tex:77 mv:40 misc:227 imb:3 pmb:2 smb:2263 d:s ref:0 ;
in:451 out:451 type:B dur:2 cpbdur:2 q:43.66 aq:45.00 tex:0 mv:0 misc:192 imb:0 pmb:0 smb:2268 d:s ref:0 ;
in:450 out:452 type:b dur:2 cpbdur:2 q:43.71 aq:47.00 tex:0 mv:0 misc:176 imb:0 pmb:0 smb:2268 d:s ref:0 ;
in:452 out:453 type:b dur:2 cpbdur:2 q:43.61 aq:46.00 tex:0 mv:0 misc:176 imb:0 pmb:0 smb:2268 d:- ref:0 ;
in:455 out:454 type:P dur:2 cpbdur:2 q:43.37 aq:30.05 tex:2575 mv:2190 misc:963 imb:154 pmb:163 smb:1951 d:s ref:0 ;
in:454 out:455 type:b dur:2 cpbdur:2 q:43.46 aq:32.96 tex:83 mv:606 misc:839 imb:17 pmb:215 smb:2036 d:s ref:0 ;
in:457 out:456 type:P dur:2 cpbdur:2 q:43.18 aq:33.40 tex:13400 mv:3894 misc:1050 imb:371 pmb:207 smb:1690 d:s ref:0 ;
in:456 out:457 type:b dur:2 cpbdur:2 q:43.28 aq:32.79 tex:214 mv:878 misc:884 imb:14 pmb:247 smb:2007 d:s ref:0 ;
in:459 out:458 type:P dur:2 cpbdur:2 q:43.23 aq:30.98 tex:28458 mv:4546 misc:676 imb:1120 pmb:32 smb:1116 d:s ref:0 ;
in:458 out:459 type:b dur:2 cpbdur:2 q:43.21 aq:39.40 tex:6448 mv:2555 misc:1021 imb:127 pmb:344 smb:1797 d:s ref:0 ;
in:462 out:460 type:P dur:2 cpbdur:2 q:43.43 aq:30.87 tex:38650 mv:4804 misc:754 imb:1017 pmb:59 smb:1192 d:s ref:0 ;
in:460 out:461 type:B dur:2 cpbdur:2 q:43.30 aq:35.34 tex:504 mv:1498 misc:982 imb:30 pmb:254 smb:1984 d:s ref:0 ;
in:461 out:462 type:b dur:2 cpbdur:2 q:43.37 aq:41.27 tex:130 mv:732 misc:714 imb:11 pmb:167 smb:2090 d:- ref:0 ;
in:466 out:463 type:P dur:2 cpbdur:2 q:43.43 aq:33.20 tex:326 mv:134 misc:364 imb:7 pmb:19 smb:2242 d:s ref:0 ;
in:464 out:464 type:B dur:2 cpbdur:2 q:43.43 aq:44.00 tex:0 mv:0 misc:192 imb:0 pmb:0 smb:2268 d:s ref:0 ;
in:463 out:465 type:b dur:2 cpbdur:2 q:43.43 aq:46.00 tex:0 mv:0 misc:176 imb:0 pmb:0 smb:2268 d:s ref:0 ;
in:465 out:466 type:b dur:2 cpbdur:2 q:43.43 aq:46.00 tex:0 mv:0 misc:176 imb:0 pmb:0 smb:2268 d:- ref:0 ;
in:470 out:467 type:P dur:2 cpbdur:2 q:43.26 aq:28.90 tex:94 mv:72 misc:250 imb:4 pmb:4 smb:2260 d:s ref:0 ;
in:468 out:468 type:B dur:2 cpbdur:2 q:43.34 aq:44.00 tex:0 mv:0 misc:192 imb:0 pmb:0 smb:2268 d:s ref:0 ;
in:467 out:469 type:b dur:2 cpbdur:2 q:43.38 aq:46.00 tex:0 mv:0 misc:176 imb:0 pmb:0 smb:2268 d:s ref:0 ;
in:469 out:470 type:b dur:2 cpbdur:2 q:43.30 aq:46.00 tex:0 mv:0 misc:176 imb:0 pmb:0 smb:2268 d:- ref:0 ;
in:473 out:471 type:P dur:2 cpbdur:2 q:43.06 aq:35.09 tex:2397 mv:2319 misc:988 imb:134 pmb:188 smb:1946 d:s ref:0 ;
in:471 out:472 type:B dur:2 cpbdur:2 q:43.19 aq:35.90 tex:108 mv:525 misc:751 imb:20 pmb:138 smb:2110 d:s ref:0 ;
in:472 out:473 type:b dur:2 cpbdur:2 q:43.13 aq:36.58 tex:73 mv:1099 misc:700 imb:28 pmb:166 smb:2074 d:- ref:0 ;
in:476 out:474 type:P dur:2 cpbdur:2 q:43.04 aq:32.56 tex:29960 mv:5053 misc:771 imb:1054 pmb:51 smb:1163 d:s ref:0 ;
in:474 out:475 type:B dur:2 cpbdur:2 q:43.05 aq:37.11 tex:3455 mv:3027 misc:1126 imb:120 pmb:333 smb:1815 d:s ref:0 ;
in:475 out:476 type:b dur:2 cpbdur:2 q:43.05 aq:37.55 tex:107 mv:563 misc:578 imb:17 pmb:121 smb:2130 d:- ref:0 ;
in:478 out:477 type:P dur:2 cpbdur:2 q:43.12 aq:31.36 tex:50087 mv:6111 misc:826 imb:1096 pmb:91 smb:1081 d:s ref:0 ;
in:477 out:478 type:b dur:2 cpbdur:2 q:43.08 aq:36.26 tex:1534 mv:2773 misc:1237 imb:92 pmb:337 smb:1839 d:s ref:0 ;
in:482 out:479 type:P dur:2 cpbdur:2 q:43.29 aq:34.47 tex:6141 mv:3100 misc:1271 imb:133 pmb:291 smb:1844 d:s ref:0 ;
in:480 out:480 type:B dur:2 cpbdur:2 q:43.21 aq:34.91 tex:110 mv:607 misc:931 imb:12 pmb:249 smb:2007 d:s ref:0 ;
in:479 out:481 type:b dur:2 cpbdur:2 q:43.16 aq:37.19 tex:239 mv:1585 misc:1056 imb:18 pmb:294 smb:1956 d:s ref:0 ;
in:481 out:482 type:b dur:2 cpbdur:2 q:43.25 aq:46.00 tex:0 mv:0 misc:176 imb:0 pmb:0 smb:2268 d:- ref:0 ;
in:486 out:483 type:P dur:2 cpbdur:2 q:43.13 aq:31.97 tex:215 mv:78 misc:291 imb:4 pmb:10 smb:2254 d:s ref:0 ;
in:484 out:484 type:B dur:2 cpbdur:2 q:43.21 aq:44.00 tex:0 mv:0 misc:192 imb:0 pmb:0 smb:2268 d:s ref:0 ;
in:483 out:485 type:b dur:2 cpbdur:2 q:43.25 aq:46.00 tex:0 mv:0 misc:176 imb:0 pmb:0 smb:2268 d:s ref:0 ;
in:485 out:486 type:b dur:2 cpbdur:2 q:43.17 aq:46.00 tex:0 mv:0 misc:176 imb:0 pmb:0 smb:2268 d:- ref:0 ;
in:490 out:487 type:P dur:2 cpbdur:2 q:42.95 aq:27.73 tex:115 mv:50 misc:235 imb:4 pmb:2 smb:2262 d:s ref:0 ;
in:488 out:488 type:B dur:2 cpbdur:2 q:43.04 aq:44.00 tex:0 mv:0 misc:192 imb:0 pmb:0 smb:2268 d:s ref:0 ;
in:487 out:489 type:b dur:2 cpbdur:2 q:43.09 aq:46.00 tex:0 mv:0 misc:176 imb:0 pmb:0 smb:2268 d:s ref:0 ;
in:489 out:490 type:b dur:2 cpbdur:2 q:42.99 aq:46.00 tex:0 mv:0 misc:176 imb:0 pmb:0 smb:2268 d:- ref:0 ;
in:494 out:491 type:P dur:2 cpbdur:2 q:42.79 aq:34.30 tex:34184 mv:6519 misc:793 imb:1284 pmb:72 smb:912 d:s ref:0 ;
in:492 out:492 type:B dur:2 cpbdur:2 q:42.87 aq:33.85 tex:711 mv:2247 misc:1178 imb:50 pmb:315 smb:1903 d:s ref:0 ;
in:491 out:493 type:b dur:2 cpbdur:2 q:42.91 aq:35.43 tex:247 mv:676 misc:877 imb:25 pmb:218 smb:2025 d:s ref:0 ;
in:493 out:494 type:b dur:2 cpbdur:2 q:42.83 aq:40.43 tex:2242 mv:2570 misc:1268 imb:74 pmb:365 smb:1829 d:- ref:0 ;
in:496 out:495 type:P dur:2 cpbdur:2 q:43.04 aq:31.88 tex:57256 mv:8063 misc:841 imb:1316 pmb:165 smb:787 d:s ref:0 ;
in:495 out:496 type:b dur:2 cpbdur:2 q:42.91 aq:37.07 tex:253 mv:331 misc:584 imb:5 pmb:140 smb:2123 d:s ref:0 ;
in:498 out:497 type:P dur:2 cpbdur:2 q:43.08 aq:33.37 tex:17984 mv:4053 misc:1267 imb:314 pmb:341 smb:1613 d:s ref:0 ;
in:497 out:498 type:b dur:2 cpbdur:2 q:43.06 aq:38.26 tex:416 mv:1697 misc:999 imb:74 pmb:261 smb:1933 d:s ref:0 ;
in:502 out:499 type:P dur:2 cpbdur:2 q:43.09 aq:33.96 tex:375 mv:184 misc:361 imb:14 pmb:19 smb:2235 d:s ref:0 ;
in:500 out:500 type:B dur:2 cpbdur:2 q:43.08 aq:44.00 tex:0 mv:0 misc:192 imb:0 pmb:0 smb:2268 d:s ref:0 ;
in:499 out:501 type:b dur:2 cpbdur:2 q:43.08 aq:46.00 tex:0 mv:0 misc:176 imb:0 pmb:0 smb:2268 d:s ref:0 ;
in:501 out:502 type:b dur:2 cpbdur:2 q:43.09 aq:46.00 tex:0 mv:0 misc:176 imb:0 pmb:0 smb:2268 d:- ref:0 ;
in:506 out:503 type:P dur:2 cpbdur:2 q:42.87 aq:29.64 tex:24 mv:14 misc:202 imb:1 pmb:0 smb:2267 d:s ref:0 ;
in:504 out:504 type:B dur:2 cpbdur:2 q:42.98 aq:44.00 tex:0 mv:0 misc:192 imb:0 pmb:0 smb:2268 d:s ref:0 ;
in:503 out:505 type:b dur:2 cpbdur:2 q:43.04 aq:46.00 tex:0 mv:0 misc:176 imb:0 pmb:0 smb:2268 d:s ref:0 ;
in:505 out:506 type:b dur:2 cpbdur:2 q:42.93 aq:46.00 tex:0 mv:0 misc:176 imb:0 pmb:0 smb:2268 d:- ref:0 ;
in:510 out:507 type:P dur:2 cpbdur:2 q:42.66 aq:26.51 tex:53 mv:56 misc:243 imb:6 pmb:1 smb:2261 d:s ref:0 ;
in:508 out:508 type:B dur:2 cpbdur:2 q:42.76 aq:44.00 tex:0 mv:0 misc:192 imb:0 pmb:0 smb:2268 d:s ref:0 ;
in:507 out:509 type:b dur:2 cpbdur:2 q:42.82 aq:46.00 tex:0 mv:0 misc:176 imb:0 pmb:0 smb:2268 d:s ref:0 ;
in:509 out:510 type:b dur:2 cpbdur:2 q:42.71 aq:46.00 tex:0 mv:0 misc:176 imb:0 pmb:0 smb:2268 d:- ref:0 ;
in:514 out:511 type:P dur:2 cpbdur:2 q:42.68 aq:28.59 tex:901 mv:752 misc:683 imb:46 pmb:83 smb:2139 d:s ref:0 ;
in:512 out:512 type:B dur:2 cpbdur:2 q:42.67 aq:44.00 tex:0 mv:0 misc:192 imb:0 pmb:0 smb:2268 d:s ref:0 ;
in:511 out:513 type:b dur:2 cpbdur:2 q:42.66 aq:46.00 tex:0 mv:0 misc:176 imb:0 pmb:0 smb:2268 d:s ref:0 ;
in:513 out:514 type:b dur:2 cpbdur:2 q:42.68 aq:46.00 tex:0 mv:0 misc:176 imb:0 pmb:0 smb:2268 d:- ref:0 ;
in:518 out:515 type:P dur:2 cpbdur:2 q:42.77 aq:25.08 tex:172 mv:41 misc:227 imb:3 pmb:2 smb:2263 d:s ref:0 ;
in:516 out:516 type:B dur:2 cpbdur:2 q:42.73 aq:44.00 tex:0 mv:0 misc:192 imb:0 pmb:0 smb:2268 d:s ref:0 ;
in:515 out:517 type:b dur:2 cpbdur:2 q:42.71 aq:46.00 tex:0 mv:0 misc:176 imb:0 pmb:0 smb:2268 d:s ref:0 ;
in:517 out:518 type:b dur:2 cpbdur:2 q:42.75 aq:46.00 tex:0 mv:0 misc:176 imb:0 pmb:0 smb:2268 d:- ref:0 ;
in:519 out:519 type:P dur:2 cpbdur:2 q:42.59 aq:31.92 tex:3401 mv:2645 misc:1082 imb:183 pmb:239 smb:1846 d:s ref:0 ;
in:520 out:520 type:I dur:2 cpbdur:2 q:39.99 aq:29.94 tex:59034 mv:13382 misc:472 imb:2268 pmb:0 smb:0 d:s ref:;
in:521 out:521 type:P dur:2 cpbdur:2 q:42.73 aq:32.68 tex:25830 mv:5864 misc:850 imb:1299 pmb:74 smb:895 d:s ref:0 ;
in:523 out:522 type:P dur:2 cpbdur:2 q:42.73 aq:30.23 tex:70712 mv:7475 misc:877 imb:1275 pmb:189 smb:804 d:s ref:0 ;
in:522 out:523 type:b dur:2 cpbdur:2 q:42.73 aq:37.17 tex:134 mv:542 misc:852 imb:24 pmb:237 smb:2007 d:s ref:0 ;
in:527 out:524 type:P dur:2 cpbdur:2 q:42.75 aq:33.33 tex:6865 mv:2761 misc:1254 imb:201 pmb:330 smb:1737 d:s ref:0 ;
in:525 out:525 type:B dur:2 cpbdur:2 q:42.74 aq:30.26 tex:114 mv:465 misc:813 imb:11 pmb:249 smb:2008 d:s ref:0 ;
in:524 out:526 type:b dur:2 cpbdur:2 q:42.74 aq:32.45 tex:95 mv:786 misc:903 imb:10 pmb:285 smb:1973 d:s ref:0 ;
in:526 out:527 type:b dur:2 cpbdur:2 q:42.75 aq:46.00 tex:0 mv:0 misc:176 imb:0 pmb:0 smb:2268 d:- ref:0 ;
in:531 out:528 type:P dur:2 cpbdur:2 q:42.58 aq:31.85 tex:858 mv:130 misc:396 imb:4 pmb:54 smb:2210 d:s ref:0 ;
in:529 out:529 type:B dur:2 cpbdur:2 q:42.67 aq:44.00 tex:0 mv:0 misc:192 imb:0 pmb:0 smb:2268 d:s ref:0 ;
in:528 out:530 type:b dur:2 cpbdur:2 q:42.71 aq:46.00 tex:0 mv:0 misc:176 imb:0 pmb:0 smb:2268 d:s ref:0 ;
in:530 out:531 type:b dur:2 cpbdur:2 q:42.62 aq:46.00 tex:0 mv:0 misc:176 imb:0 pmb:0 smb:2268 d:- ref:0 ;
in:535 out:532 type:P dur:2 cpbdur:2 q:42.33 aq:34.46 tex:464 mv:44 misc:276 imb:0 pmb:12 smb:2256 d:s ref:0 ;
in:533 out:533 type:B dur:2 cpbdur:2 q:42.45 aq:43.00 tex:0 mv:0 misc:192 imb:0 pmb:0 smb:2268 d:s ref:0 ;
in:532 out:534 type:b dur:2 cpbdur:2 q:42.52 aq:45.00 tex:0 mv:0 misc:176 imb:0 pmb:0 smb:2268 d:s ref:0 ;
in:534 out:535 type:b dur:2 cpbdur:2 q:42.39 aq:45.00 tex:0 mv:0 misc:176 imb:0 pmb:0 smb:2268 d:- ref:0 ;
in:539 out:536 type:P dur:2 cpbdur:2 q:42.05 aq:32.37 tex:26972 mv:4704 misc:428 imb:1250 pmb:31 smb:987 d:s ref:0 ;
in:537 out:537 type:B dur:2 cpbdur:2 q:42.19 aq:28.44 tex:86 mv:496 misc:378 imb:34 pmb:74 smb:2160 d:s ref:0 ;
in:536 out:538 type:b dur:2 cpbdur:2 q:42.26 aq:45.00 tex:0 mv:0 misc:176 imb:0 pmb:0 smb:2268 d:s ref:0 ;
in:538 out:539 type:b dur:2 cpbdur:2 q:42.12 aq:34.09 tex:57 mv:268 misc:339 imb:16 pmb:83 smb:2169 d:- ref:0 ;
in:543 out:540 type:P dur:2 cpbdur:2 q:42.49 aq:31.47 tex:57378 mv:6605 misc:513 imb:998 pmb:123 smb:1147 d:s ref:0 ;
in:541 out:541 type:B dur:2 cpbdur:2 q:42.27 aq:40.42 tex:144 mv:222 misc:386 imb:2 pmb:101 smb:2165 d:s ref:0 ;
in:540 out:542 type:b dur:2 cpbdur:2 q:42.16 aq:45.00 tex:0 mv:0 misc:176 imb:0 pmb:0 smb:2268 d:s ref:0 ;
in:542 out:543 type:b dur:2 cpbdur:2 q:42.38 aq:33.57 tex:101 mv:135 misc:340 imb:3 pmb:96 smb:2169 d:- ref:0 ;
in:547 out:544 type:P dur:2 cpbdur:2 q:42.56 aq:30.38 tex:159 mv:80 misc:265 imb:4 pmb:8 smb:2256 d:s ref:0 ;
in:545 out:545 type:B dur:2 cpbdur:2 q:42.52 aq:43.00 tex:0 mv:0 misc:192 imb:0 pmb:0 smb:2268 d:s ref:0 ;
in:544 out:546 type:b dur:2 cpbdur:2 q:42.51 aq:45.00 tex:0 mv:0 misc:176 imb:0 pmb:0 smb:2268 d:s ref:0 ;
in:546 out:547 type:b dur:2 cpbdur:2 q:42.54 aq:45.00 tex:0 mv:0 misc:176 imb:0 pmb:0 smb:2268 d:- ref:0 ;
in:551 out:548 type:P dur:2 cpbdur:2 q:42.41 aq:29.87 tex:332 mv:49 misc:227 imb:3 pmb:2 smb:2263 d:s ref:0 ;
in:549 out:549 type:B dur:2 cpbdur:2 q:42.48 aq:45.68 tex:23 mv:5 misc:212 imb:0 pmb:2 smb:2266 d:s ref:0 ;
in:548 out:550 type:b dur:2 cpbdur:2 q:42.52 aq:46.34 tex:18 mv:10 misc:180 imb:0 pmb:1 smb:2267 d:s ref:0 ;
in:550 out:551 type:b dur:2 cpbdur:2 q:42.44 aq:46.34 tex:21 mv:5 misc:182 imb:0 pmb:1 smb:2267 d:- ref:0 ;
in:555 out:552 type:P dur:2 cpbdur:2 q:42.24 aq:20.70 tex:219 mv:21 misc:208 imb:1 pmb:1 smb:2266 d:s ref:0 ;
in:553 out:553 type:B dur:2 cpbdur:2 q:42.32 aq:43.00 tex:104 mv:22 misc:202 imb:1 pmb:0 smb:2267 d:s ref:0 ;
in:552 out:554 type:b dur:2 cpbdur:2 q:42.36 aq:45.00 tex:0 mv:0 misc:176 imb:0 pmb:0 smb:2268 d:s ref:0 ;
in:554 out:555 type:b dur:2 cpbdur:2 q:42.28 aq:45.00 tex:0 mv:12 misc:188 imb:0 pmb:1 smb:2267 d:- ref:0 ;
in:559 out:556 type:P dur:2 cpbdur:2 q:42.17 aq:18.06 tex:139 mv:31 misc:206 imb:2 pmb:1 smb:2265 d:s ref:0 ;
in:557 out:557 type:B dur:2 cpbdur:2 q:42.20 aq:43.00 tex:0 mv:0 misc:192 imb:0 pmb:0 smb:2268 d:s ref:0 ;
in:556 out:558 type:b dur:2 cpbdur:2 q:42.22 aq:45.00 tex:0 mv:0 misc:176 imb:0 pmb:0 smb:2268 d:s ref:0 ;
in:558 out:559 type:b dur:2 cpbdur:2 q:42.18 aq:45.00 tex:0 mv:0 misc:176 imb:0 pmb:0 smb:2268 d:- ref:0 ;
in:563 out:560 type:P dur:2 cpbdur:2 q:42.08 aq:29.96 tex:113 mv:5 misc:194 imb:0 pmb:1 smb:2267 d:s ref:0 ;
in:561 out:561 type:B dur:2 cpbdur:2 q:42.12 aq:43.00 tex:0 mv:0 misc:192 imb:0 pmb:0 smb:2268 d:s ref:0 ;
in:560 out:562 type:b dur:2 cpbdur:2 q:42.14 aq:45.00 tex:0 mv:0 misc:176 imb:0 pmb:0 smb:2268 d:s ref:0 ;
in:562 out:563 type:b dur:2 cpbdur:2 q:42.10 aq:45.00 tex:0 mv:0 misc:176 imb:0 pmb:0 smb:2268 d:- ref:0 ;
in:567 out:564 type:P dur:2 cpbdur:2 q:41.88 aq:28.67 tex:61115 mv:5529 misc:388 imb:1266 pmb:36 smb:966 d:s ref:0 ;
in:565 out:565 type:B dur:2 cpbdur:2 q:41.98 aq:38.60 tex:164 mv:371 misc:433 imb:4 pmb:111 smb:2153 d:s ref:0 ;
in:564 out:566 type:b dur:2 cpbdur:2 q:42.03 aq:30.44 tex:32 mv:71 misc:353 imb:1 pmb:97 smb:2170 d:s ref:0 ;
in:566 out:567 type:b dur:2 cpbdur:2 q:41.93 aq:45.00 tex:0 mv:3 misc:181 imb:0 pmb:1 smb:2267 d:- ref:0 ;
in:571 out:568 type:P dur:2 cpbdur:2 q:41.88 aq:34.04 tex:597 mv:135 misc:348 imb:5 pmb:23 smb:2240 d:s ref:0 ;
in:569 out:569 type:B dur:2 cpbdur:2 q:41.88 aq:43.00 tex:0 mv:0 misc:192 imb:0 pmb:0 smb:2268 d:s ref:0 ;
in:568 out:570 type:b dur:2 cpbdur:2 q:41.88 aq:45.00 tex:0 mv:13 misc:187 imb:0 pmb:1 smb:2267 d:s ref:0 ;
in:570 out:571 type:b dur:2 cpbdur:2 q:41.88 aq:45.00 tex:0 mv:0 misc:176 imb:0 pmb:0 smb:2268 d:- ref:0 ;
in:575 out:572 type:P dur:2 cpbdur:2 q:41.69 aq:35.86 tex:1839 mv:245 misc:340 imb:10 pmb:32 smb:2226 d:s ref:0 ;
in:573 out:573 type:B dur:2 cpbdur:2 q:41.78 aq:43.00 tex:1 mv:32 misc:223 imb:0 pmb:6 smb:2262 d:s ref:0 ;
in:572 out:574 type:b dur:2 cpbdur:2 q:41.83 aq:45.00 tex:0 mv:3 misc:181 imb:0 pmb:1 smb:2267 d:s ref:0 ;
in:574 out:575 type:b dur:2 cpbdur:2 q:41.74 aq:45.00 tex:0 mv:0 misc:176 imb:0 pmb:0 smb:2268 d:- ref:0 ;
in:579 out:576 type:P dur:2 cpbdur:2 q:41.48 aq:35.56 tex:1615 mv:204 misc:293 imb:9 pmb:23 smb:2236 d:s ref:0 ;
in:577 out:577 type:B dur:2 cpbdur:2 q:41.58 aq:42.00 tex:1 mv:11 misc:220 imb:0 pmb:4 smb:2264 d:s ref:0 ;
in:576 out:578 type:b dur:2 cpbdur:2 q:41.64 aq:45.00 tex:0 mv:0 misc:176 imb:0 pmb:0 smb:2268 d:s ref:0 ;
in:578 out:579 type:b dur:2 cpbdur:2 q:41.53 aq:44.00 tex:0 mv:0 misc:176 imb:0 pmb:0 smb:2268 d:- ref:0 ;
in:583 out:580 type:P dur:2 cpbdur:2 q:41.21 aq:41.01 tex:520 mv:70 misc:242 imb:1 pmb:11 smb:2256 d:s ref:0 ;
in:581 out:581 type:B dur:2 cpbdur:2 q:41.35 aq:45.42 tex:34 mv:13 misc:209 imb:0 pmb:4 smb:2264 d:s ref:0 ;
in:580 out:582 type:b dur:2 cpbdur:2 q:41.41 aq:45.14 tex:20 mv:13 misc:191 imb:0 pmb:4 smb:2264 d:s ref:0 ;
in:582 out:583 type:b dur:2 cpbdur:2 q:41.28 aq:44.00 tex:0 mv:0 misc:176 imb:0 pmb:0 smb:2268 d:- ref:0 ;
in:587 out:584 type:P dur:2 cpbdur:2 q:41.21 aq:30.96 tex:1961 mv:191 misc:256 imb:14 pmb:10 smb:2244 d:s ref:0 ;
in:585 out:585 type:B dur:2 cpbdur:2 q:41.21 aq:42.00 tex:0 mv:19 misc:229 imb:0 pmb:7 smb:2261 d:s ref:0 ;
in:584 out:586 type:b dur:2 cpbdur:2 q:41.21 aq:44.00 tex:2 mv:17 misc:213 imb:0 pmb:6 smb:2262 d:s ref:0 ;
in:586 out:587 type:b dur:2 cpbdur:2 q:41.21 aq:44.00 tex:0 mv:0 misc:176 imb:0 pmb:0 smb:2268 d:- ref:0 ;
in:591 out:588 type:P dur:2 cpbdur:2 q:41.05 aq:36.25 tex:716 mv:114 misc:266 imb:5 pmb:13 smb:2250 d:s ref:0 ;
in:589 out:589 type:B dur:2 cpbdur:2 q:41.13 aq:42.00 tex:0 mv:9 misc:215 imb:0 pmb:3 smb:2265 d:s ref:0 ;
in:588 out:590 type:b dur:2 cpbdur:2 q:41.17 aq:44.00 tex:0 mv:0 misc:176 imb:0 pmb:0 smb:2268 d:s ref:0 ;
in:590 out:591 type:b dur:2 cpbdur:2 q:41.09 aq:45.14 tex:78 mv:17 misc:201 imb:0 pmb:5 smb:2263 d:- ref:0 ;
in:595 out:592 type:P dur:2 cpbdur:2 q:40.89 aq:39.03 tex:1424 mv:156 misc:292 imb:11 pmb:15 smb:2242 d:s ref:0 ;
in:593 out:593 type:B dur:2 cpbdur:2 q:40.97 aq:44.91 tex:71 mv:37 misc:220 imb:0 pmb:11 smb:2257 d:s ref:0 ;
in:592 out:594 type:b dur:2 cpbdur:2 q:41.01 aq:45.79 tex:52 mv:43 misc:209 imb:0 pmb:11 smb:2257 d:s ref:0 ;
in:594 out:595 type:b dur:2 cpbdur:2 q:40.93 aq:44.00 tex:0 mv:0 misc:176 imb:0 pmb:0 smb:2268 d:- ref:0 ;
in:596 out:596 type:P dur:2 cpbdur:2 q:40.71 aq:40.44 tex:472 mv:76 misc:252 imb:4 pmb:7 smb:2257 d:s ref:0 ;
in:597 out:597 type:I dur:2 cpbdur:2 q:38.57 aq:25.43 tex:110658 mv:20282 misc:444 imb:2268 pmb:0 smb:0 d:s ref:;
in:601 out:598 type:P dur:2 cpbdur:2 q:41.12 aq:35.83 tex:2548 mv:357 misc:287 imb:34 pmb:34 smb:2200 d:s ref:0 ;
in:599 out:599 type:B dur:2 cpbdur:2 q:41.12 aq:30.15 tex:56 mv:58 misc:270 imb:1 pmb:23 smb:2244 d:s ref:0 ;
in:598 out:600 type:b dur:2 cpbdur:2 q:41.12 aq:32.12 tex:87 mv:88 misc:257 imb:3 pmb:22 smb:2243 d:s ref:0 ;
in:600 out:601 type:b dur:2 cpbdur:2 q:41.12 aq:33.81 tex:50 mv:3 misc:187 imb:0 pmb:1 smb:2267 d:- ref:0 ;
in:605 out:602 type:P dur:2 cpbdur:2 q:40.86 aq:36.80 tex:135 mv:48 misc:225 imb:2 pmb:3 smb:2263 d:s ref:0 ;
in:603 out:603 type:B dur:2 cpbdur:2 q:40.99 aq:43.63 tex:67 mv:14 misc:215 imb:0 pmb:4 smb:2264 d:s ref:0 ;
in:602 out:604 type:b dur:2 cpbdur:2 q:41.06 aq:44.00 tex:49 mv:14 misc:193 imb:0 pmb:4 smb:2264 d:s ref:0 ;
in:604 out:605 type:b dur:2 cpbdur:2 q:40.92 aq:43.48 tex:95 mv:26 misc:199 imb:1 pmb:3 smb:2264 d:- ref:0 ;
in:609 out:606 type:P dur:2 cpbdur:2 q:40.64 aq:24.23 tex:74 mv:21 misc:209 imb:2 pmb:1 smb:2265 d:s ref:0 ;
in:607 out:607 type:B dur:2 cpbdur:2 q:40.75 aq:26.33 tex:64 mv:20 misc:204 imb:1 pmb:1 smb:2266 d:s ref:0 ;
in:606 out:608 type:b dur:2 cpbdur:2 q:40.80 aq:28.33 tex:24 mv:15 misc:185 imb:1 pmb:0 smb:2267 d:s ref:0 ;
in:608 out:609 type:b dur:2 cpbdur:2 q:40.70 aq:44.00 tex:33 mv:3 misc:188 imb:0 pmb:1 smb:2267 d:- ref:0 ;
in:613 out:610 type:P dur:2 cpbdur:2 q:40.45 aq:31.26 tex:124 mv:8 misc:220 imb:0 pmb:4 smb:2264 d:s ref:0 ;
in:611 out:611 type:B dur:2 cpbdur:2 q:40.54 aq:43.95 tex:42 mv:10 misc:212 imb:0 pmb:3 smb:2265 d:s ref:0 ;
in:610 out:612 type:b dur:2 cpbdur:2 q:40.59 aq:43.00 tex:54 mv:5 misc:181 imb:0 pmb:1 smb:2267 d:s ref:0 ;
in:612 out:613 type:b dur:2 cpbdur:2 q:40.49 aq:43.00 tex:0 mv:2 misc:182 imb:0 pmb:1 smb:2267 d:- ref:0 ;
in:616 out:614 type:P dur:2 cpbdur:2 q:40.24 aq:32.38 tex:802 mv:372 misc:378 imb:35 pmb:39 smb:2194 d:s ref:0 ;
in:614 out:615 type:B dur:2 cpbdur:2 q:40.38 aq:39.14 tex:171 mv:75 misc:258 imb:1 pmb:20 smb:2247 d:s ref:0 ;
in:615 out:616 type:b dur:2 cpbdur:2 q:40.31 aq:40.04 tex:224 mv:133 misc:259 imb:3 pmb:31 smb:2234 d:- ref:0 ;
in:619 out:617 type:P dur:2 cpbdur:2 q:40.23 aq:37.24 tex:21418 mv:4723 misc:411 imb:1196 pmb:29 smb:1043 d:s ref:0 ;
in:617 out:618 type:B dur:2 cpbdur:2 q:40.24 aq:40.37 tex:1997 mv:681 misc:698 imb:41 pmb:118 smb:2109 d:s ref:0 ;
in:618 out:619 type:b dur:2 cpbdur:2 q:40.23 aq:41.85 tex:61 mv:25 misc:226 imb:0 pmb:8 smb:2260 d:- ref:0 ;
in:623 out:620 type:P dur:2 cpbdur:2 q:40.15 aq:27.78 tex:91082 mv:8548 misc:682 imb:1751 pmb:93 smb:424 d:s ref:0 ;
in:621 out:621 type:B dur:2 cpbdur:2 q:40.19 aq:38.00 tex:77 mv:120 misc:307 imb:2 pmb:36 smb:2230 d:s ref:0 ;
in:620 out:622 type:b dur:2 cpbdur:2 q:40.21 aq:27.01 tex:61 mv:126 misc:277 imb:2 pmb:23 smb:2243 d:s ref:0 ;
in:622 out:623 type:b dur:2 cpbdur:2 q:40.17 aq:25.23 tex:24 mv:18 misc:190 imb:1 pmb:1 smb:2266 d:- ref:0 ;
in:627 out:624 type:P dur:2 cpbdur:2 q:40.14 aq:35.30 tex:283 mv:192 misc:317 imb:39 pmb:6 smb:2223 d:s ref:0 ;
in:625 out:625 type:B dur:2 cpbdur:2 q:40.15 aq:41.00 tex:1 mv:10 misc:197 imb:0 pmb:1 smb:2267 d:s ref:0 ;
in:624 out:626 type:b dur:2 cpbdur:2 q:40.15 aq:43.00 tex:0 mv:9 misc:183 imb:0 pmb:1 smb:2267 d:s ref:0 ;
in:626 out:627 type:b dur:2 cpbdur:2 q:40.14 aq:43.00 tex:0 mv:9 misc:183 imb:0 pmb:1 smb:2267 d:- ref:0 ;
in:631 out:628 type:P dur:2 cpbdur:2 q:39.96 aq:43.00 tex:0 mv:0 misc:184 imb:0 pmb:0 smb:2268 d:s ref:0 ;
in:629 out:629 type:B dur:2 cpbdur:2 q:40.05 aq:41.00 tex:0 mv:0 misc:192 imb:0 pmb:0 smb:2268 d:s ref:0 ;
in:628 out:630 type:b dur:2 cpbdur:2 q:40.10 aq:43.00 tex:0 mv:0 misc:176 imb:0 pmb:0 smb:2268 d:s ref:0 ;
in:630 out:631 type:b dur:2 cpbdur:2 q:40.01 aq:43.00 tex:0 mv:0 misc:176 imb:0 pmb:0 smb:2268 d:- ref:0 ;
